Archive member included to satisfy reference by file (symbol)

/usr/lib/gcc/arm-none-eabi/7.3.1/thumb/v6-m/libgcc.a(_dvmd_tls.o)
                              CMakeFiles/p2.dir/home/pi/pico/pico-sdk/src/rp2_common/pico_divider/divider.S.obj (__aeabi_idiv0)
/usr/lib/gcc/arm-none-eabi/7.3.1/../../../arm-none-eabi/lib/thumb/v6-m/libg.a(lib_a-atexit.o)
                              /usr/lib/gcc/arm-none-eabi/7.3.1/../../../arm-none-eabi/lib/thumb/v6-m/crt0.o (atexit)
/usr/lib/gcc/arm-none-eabi/7.3.1/../../../arm-none-eabi/lib/thumb/v6-m/libg.a(lib_a-calloc.o)
                              CMakeFiles/p2.dir/home/pi/pico/pico-sdk/src/rp2_common/pico_malloc/pico_malloc.c.obj (calloc)
/usr/lib/gcc/arm-none-eabi/7.3.1/../../../arm-none-eabi/lib/thumb/v6-m/libg.a(lib_a-callocr.o)
                              /usr/lib/gcc/arm-none-eabi/7.3.1/../../../arm-none-eabi/lib/thumb/v6-m/libg.a(lib_a-calloc.o) (_calloc_r)
/usr/lib/gcc/arm-none-eabi/7.3.1/../../../arm-none-eabi/lib/thumb/v6-m/libg.a(lib_a-ctype_.o)
                              CMakeFiles/p2.dir/home/pi/pico/pico-sdk/lib/tinyusb/src/tusb.c.obj (_ctype_)
/usr/lib/gcc/arm-none-eabi/7.3.1/../../../arm-none-eabi/lib/thumb/v6-m/libg.a(lib_a-fini.o)
                              /usr/lib/gcc/arm-none-eabi/7.3.1/../../../arm-none-eabi/lib/thumb/v6-m/crt0.o (__libc_fini_array)
/usr/lib/gcc/arm-none-eabi/7.3.1/../../../arm-none-eabi/lib/thumb/v6-m/libg.a(lib_a-impure.o)
                              /usr/lib/gcc/arm-none-eabi/7.3.1/../../../arm-none-eabi/lib/thumb/v6-m/libg.a(lib_a-calloc.o) (_impure_ptr)
/usr/lib/gcc/arm-none-eabi/7.3.1/../../../arm-none-eabi/lib/thumb/v6-m/libg.a(lib_a-init.o)
                              /usr/lib/gcc/arm-none-eabi/7.3.1/../../../arm-none-eabi/lib/thumb/v6-m/crt0.o (__libc_init_array)
/usr/lib/gcc/arm-none-eabi/7.3.1/../../../arm-none-eabi/lib/thumb/v6-m/libg.a(lib_a-malloc.o)
                              CMakeFiles/p2.dir/home/pi/pico/pico-sdk/src/rp2_common/pico_malloc/pico_malloc.c.obj (malloc)
/usr/lib/gcc/arm-none-eabi/7.3.1/../../../arm-none-eabi/lib/thumb/v6-m/libg.a(lib_a-mallocr.o)
                              /usr/lib/gcc/arm-none-eabi/7.3.1/../../../arm-none-eabi/lib/thumb/v6-m/libg.a(lib_a-callocr.o) (_malloc_r)
/usr/lib/gcc/arm-none-eabi/7.3.1/../../../arm-none-eabi/lib/thumb/v6-m/libg.a(lib_a-mlock.o)
                              /usr/lib/gcc/arm-none-eabi/7.3.1/../../../arm-none-eabi/lib/thumb/v6-m/libg.a(lib_a-mallocr.o) (__malloc_lock)
/usr/lib/gcc/arm-none-eabi/7.3.1/../../../arm-none-eabi/lib/thumb/v6-m/libg.a(lib_a-sbrkr.o)
                              /usr/lib/gcc/arm-none-eabi/7.3.1/../../../arm-none-eabi/lib/thumb/v6-m/libg.a(lib_a-mallocr.o) (_sbrk_r)
/usr/lib/gcc/arm-none-eabi/7.3.1/../../../arm-none-eabi/lib/thumb/v6-m/libg.a(lib_a-strlen-stub.o)
                              CMakeFiles/p2.dir/home/pi/pico/pico-sdk/src/rp2_common/pico_stdio/stdio.c.obj (strlen)
/usr/lib/gcc/arm-none-eabi/7.3.1/../../../arm-none-eabi/lib/thumb/v6-m/libg.a(lib_a-__atexit.o)
                              /usr/lib/gcc/arm-none-eabi/7.3.1/../../../arm-none-eabi/lib/thumb/v6-m/libg.a(lib_a-atexit.o) (__register_exitproc)
/usr/lib/gcc/arm-none-eabi/7.3.1/../../../arm-none-eabi/lib/thumb/v6-m/libg.a(lib_a-freer.o)
                              /usr/lib/gcc/arm-none-eabi/7.3.1/../../../arm-none-eabi/lib/thumb/v6-m/libg.a(lib_a-malloc.o) (_free_r)
/usr/lib/gcc/arm-none-eabi/7.3.1/../../../arm-none-eabi/lib/thumb/v6-m/libg.a(lib_a-reent.o)
                              /usr/lib/gcc/arm-none-eabi/7.3.1/../../../arm-none-eabi/lib/thumb/v6-m/libg.a(lib_a-sbrkr.o) (errno)

Allocating common symbols
Common symbol       size              file

sf_table            0x100             CMakeFiles/p2.dir/home/pi/pico/pico-sdk/src/rp2_common/pico_float/float_init_rom.c.obj
errno               0x4               /usr/lib/gcc/arm-none-eabi/7.3.1/../../../arm-none-eabi/lib/thumb/v6-m/libg.a(lib_a-reent.o)
_usbd_qdef_buf      0xc0              CMakeFiles/p2.dir/home/pi/pico/pico-sdk/lib/tinyusb/src/device/usbd.c.obj
sf_clz_func         0x4               CMakeFiles/p2.dir/home/pi/pico/pico-sdk/src/rp2_common/pico_float/float_init_rom.c.obj
sd_table            0x100             CMakeFiles/p2.dir/home/pi/pico/pico-sdk/src/rp2_common/pico_double/double_init_rom.c.obj
uart_char_to_line_feed
                    0x4               CMakeFiles/p2.dir/home/pi/pico/pico-sdk/src/rp2_common/hardware_uart/uart.c.obj

Discarded input sections

 .text          0x00000000        0x0 /usr/lib/gcc/arm-none-eabi/7.3.1/thumb/v6-m/crti.o
 .data          0x00000000        0x0 /usr/lib/gcc/arm-none-eabi/7.3.1/thumb/v6-m/crti.o
 .bss           0x00000000        0x0 /usr/lib/gcc/arm-none-eabi/7.3.1/thumb/v6-m/crti.o
 .data          0x00000000        0x4 /usr/lib/gcc/arm-none-eabi/7.3.1/thumb/v6-m/crtbegin.o
 .fini_array    0x00000000        0x4 /usr/lib/gcc/arm-none-eabi/7.3.1/thumb/v6-m/crtbegin.o
[...]
Memory Configuration

Name             Origin             Length             Attributes
FLASH            0x10000000         0x00200000         xr
RAM              0x20000000         0x00040000         xrw
SCRATCH_X        0x20040000         0x00001000         xrw
SCRATCH_Y        0x20041000         0x00001000         xrw
*default*        0x00000000         0xffffffff

Linker script and memory map

LOAD /usr/lib/gcc/arm-none-eabi/7.3.1/thumb/v6-m/crti.o
LOAD /usr/lib/gcc/arm-none-eabi/7.3.1/thumb/v6-m/crtbegin.o
LOAD /usr/lib/gcc/arm-none-eabi/7.3.1/../../../arm-none-eabi/lib/thumb/v6-m/crt0.o

.flash_begin    0x10000000        0x0
                0x10000000                __flash_binary_start = .

.boot2          0x10000000      0x100
                0x10000000                __boot2_start__ = .
 *(.boot2)
 .boot2         0x10000000      0x100 /tmp/ccYl5jrb.o
                0x10000100                __boot2_end__ = .
                0x00000001                ASSERT (((__boot2_end__ - __boot2_start__) == 0x100), ERROR: Pico second stage bootloader must be 256 bytes in size)

.text           0x10000100     0x7750
                0x10000100                __logical_binary_start = .
 *(.vectors)
 .vectors       0x10000100       0xd4 CMakeFiles/p2.dir/home/pi/pico/pico-sdk/src/rp2_common/pico_standard_link/crt0.S.obj
                0x10000100                __vectors
                0x100001c0                isr_invalid
                0x100001c2                isr_nmi
                0x100001c4                isr_hardfault
                0x100001c6                isr_svcall
                0x100001c8                isr_pendsv
                0x100001ca                isr_systick
                0x100001cc                isr_irq30
                0x100001cc                __unhandled_user_irq
                0x100001cc                isr_irq13
                0x100001cc                isr_irq27
                0x100001cc                isr_irq31
                0x100001cc                isr_irq5
                0x100001cc                isr_irq11
                0x100001cc                isr_irq23
                0x100001cc                isr_irq18
                0x100001cc                isr_irq28
                0x100001cc                isr_irq19
                0x100001cc                isr_irq0
                0x100001cc                isr_irq6
                0x100001cc                isr_irq22
                0x100001cc                isr_irq17
                0x100001cc                isr_irq14
                0x100001cc                isr_irq2
                0x100001cc                isr_irq10
                0x100001cc                isr_irq8
                0x100001cc                isr_irq24
                0x100001cc                isr_irq1
                0x100001cc                isr_irq7
                0x100001cc                isr_irq21
                0x100001cc                isr_irq20
                0x100001cc                isr_irq15
                0x100001cc                isr_irq25
                0x100001cc                isr_irq4
                0x100001cc                isr_irq16
                0x100001cc                isr_irq29
                0x100001cc                isr_irq26
                0x100001cc                isr_irq3
                0x100001cc                isr_irq12
                0x100001cc                isr_irq9
                0x100001d2                unhandled_user_irq_num_in_r0
 *(.binary_info_header)
 .binary_info_header
                0x100001d4       0x14 CMakeFiles/p2.dir/home/pi/pico/pico-sdk/src/rp2_common/pico_standard_link/crt0.S.obj
                0x100001e8                __binary_info_header_end = .
 *(.reset)
 .reset         0x100001e8       0xa8 CMakeFiles/p2.dir/home/pi/pico/pico-sdk/src/rp2_common/pico_standard_link/crt0.S.obj
                0x100001e8                _entry_point
                0x10000266                __get_current_exception
 .reset         0x10000290       0x30 CMakeFiles/p2.dir/home/pi/pico/pico-sdk/src/rp2_common/pico_standard_link/binary_info.c.obj
 *(.init)
 .init          0x100002c0        0x4 /usr/lib/gcc/arm-none-eabi/7.3.1/thumb/v6-m/crti.o
                0x100002c0                _init
 *(EXCLUDE_FILE(*libm.a: *libc.a:*lib_a-mem*.o *libgcc.a:) .text*)
 .text          0x100002c4       0x98 /usr/lib/gcc/arm-none-eabi/7.3.1/thumb/v6-m/crtbegin.o
 .text.dot      0x1000035c       0x1a CMakeFiles/p2.dir/p2.c.obj
                0x1000035c                dot
 .text.dash     0x10000376       0x1a CMakeFiles/p2.dir/p2.c.obj
                0x10000376                dash
 .text.Write_Morse
                0x10000390       0x6c CMakeFiles/p2.dir/p2.c.obj
                0x10000390                Write_Morse
 .text.Blink_LED_1
                0x100003fc       0x16 CMakeFiles/p2.dir/p2.c.obj
                0x100003fc                Blink_LED_1
 .text.Blink_LED_2
                0x10000412       0x26 CMakeFiles/p2.dir/p2.c.obj
                0x10000412                Blink_LED_2
 .text.Blink_LED_3
                0x10000438       0x36 CMakeFiles/p2.dir/p2.c.obj
                0x10000438                Blink_LED_3
 .text.Blink_LED_4
                0x1000046e       0x16 CMakeFiles/p2.dir/p2.c.obj
                0x1000046e                Blink_LED_4
 .text.Update_State
                0x10000484      0x194 CMakeFiles/p2.dir/p2.c.obj
                0x10000484                Update_State
 .text.main     0x10000618       0x9c CMakeFiles/p2.dir/p2.c.obj
                0x10000618                main
 .text.gpio_set_function
                0x100006b4       0x30 CMakeFiles/p2.dir/home/pi/pico/pico-sdk/src/rp2_common/hardware_gpio/gpio.c.obj
                0x100006b4                gpio_set_function
 .text.gpio_set_pulls
                0x100006e4       0x34 CMakeFiles/p2.dir/home/pi/pico/pico-sdk/src/rp2_common/hardware_gpio/gpio.c.obj
                0x100006e4                gpio_set_pulls
 .text.gpio_set_input_enabled
                0x10000718       0x30 CMakeFiles/p2.dir/home/pi/pico/pico-sdk/src/rp2_common/hardware_gpio/gpio.c.obj
                0x10000718                gpio_set_input_enabled
 .text.gpio_init
                0x10000748       0x16 CMakeFiles/p2.dir/home/pi/pico/pico-sdk/src/rp2_common/hardware_gpio/gpio.c.obj
                0x10000748                gpio_init
 *fill*         0x1000075e        0x2 
 .text.hw_claim_lock
                0x10000760       0x18 CMakeFiles/p2.dir/home/pi/pico/pico-sdk/src/rp2_common/hardware_claim/claim.c.obj
                0x10000760                hw_claim_lock
 .text.hw_claim_unlock
                0x10000778       0x14 CMakeFiles/p2.dir/home/pi/pico/pico-sdk/src/rp2_common/hardware_claim/claim.c.obj
                0x10000778                hw_claim_unlock
 .text.hw_claim_or_assert
                0x1000078c       0x34 CMakeFiles/p2.dir/home/pi/pico/pico-sdk/src/rp2_common/hardware_claim/claim.c.obj
                0x1000078c                hw_claim_or_assert
 .text.hw_claim_unused_from_range
                0x100007c0       0x52 CMakeFiles/p2.dir/home/pi/pico/pico-sdk/src/rp2_common/hardware_claim/claim.c.obj
                0x100007c0                hw_claim_unused_from_range
 *fill*         0x10000812        0x2 
 .text.spin_locks_reset
                0x10000814       0x20 CMakeFiles/p2.dir/home/pi/pico/pico-sdk/src/rp2_common/hardware_sync/sync.c.obj
                0x10000814                spin_locks_reset
 .text.next_striped_spin_lock_num
                0x10000834       0x1c CMakeFiles/p2.dir/home/pi/pico/pico-sdk/src/rp2_common/hardware_sync/sync.c.obj
                0x10000834                next_striped_spin_lock_num
 .text.spin_lock_claim_unused
                0x10000850       0x20 CMakeFiles/p2.dir/home/pi/pico/pico-sdk/src/rp2_common/hardware_sync/sync.c.obj
                0x10000850                spin_lock_claim_unused
 .text.running_on_fpga
                0x10000870       0x14 CMakeFiles/p2.dir/home/pi/pico/pico-sdk/src/rp2_common/pico_platform/platform.c.obj
                0x10000870                running_on_fpga
 .text.uart_set_baudrate
                0x10000884       0x60 CMakeFiles/p2.dir/home/pi/pico/pico-sdk/src/rp2_common/hardware_uart/uart.c.obj
                0x10000884                uart_set_baudrate
 .text.uart_set_translate_crlf
                0x100008e4       0x28 CMakeFiles/p2.dir/home/pi/pico/pico-sdk/src/rp2_common/hardware_uart/uart.c.obj
                0x100008e4                uart_set_translate_crlf
 .text.uart_init
                0x1000090c       0x84 CMakeFiles/p2.dir/home/pi/pico/pico-sdk/src/rp2_common/hardware_uart/uart.c.obj
                0x1000090c                uart_init
 .text.sev_callback
                0x10000990        0x8 CMakeFiles/p2.dir/home/pi/pico/pico-sdk/src/common/pico_time/time.c.obj
 .text.timer_pool_entry_comparator
                0x10000998       0x7c CMakeFiles/p2.dir/home/pi/pico/pico-sdk/src/common/pico_time/time.c.obj
                0x10000998                timer_pool_entry_comparator
 .text.ph_add_child_node
                0x10000a14       0xa4 CMakeFiles/p2.dir/home/pi/pico/pico-sdk/src/common/pico_time/time.c.obj
 .text.ph_merge_nodes
                0x10000ab8       0x3a CMakeFiles/p2.dir/home/pi/pico/pico-sdk/src/common/pico_time/time.c.obj
 *fill*         0x10000af2        0x2 
 .text.add_alarm_under_lock
                0x10000af4      0x178 CMakeFiles/p2.dir/home/pi/pico/pico-sdk/src/common/pico_time/time.c.obj
 .text.alarm_pool_alarm_callback
                0x10000c6c      0x2ec CMakeFiles/p2.dir/home/pi/pico/pico-sdk/src/common/pico_time/time.c.obj
 .text.alarm_pool_get_default
                0x10000f58       0x28 CMakeFiles/p2.dir/home/pi/pico/pico-sdk/src/common/pico_time/time.c.obj
                0x10000f58                alarm_pool_get_default
 .text.alarm_pool_create
                0x10000f80       0x6c CMakeFiles/p2.dir/home/pi/pico/pico-sdk/src/common/pico_time/time.c.obj
                0x10000f80                alarm_pool_create
 .text.alarm_pool_init_default
                0x10000fec       0x20 CMakeFiles/p2.dir/home/pi/pico/pico-sdk/src/common/pico_time/time.c.obj
                0x10000fec                alarm_pool_init_default
 .text.alarm_pool_add_alarm_at
                0x1000100c      0x128 CMakeFiles/p2.dir/home/pi/pico/pico-sdk/src/common/pico_time/time.c.obj
                0x1000100c                alarm_pool_add_alarm_at
 .text.alarm_pool_cancel_alarm
                0x10001134       0xe8 CMakeFiles/p2.dir/home/pi/pico/pico-sdk/src/common/pico_time/time.c.obj
                0x10001134                alarm_pool_cancel_alarm
 .text.sleep_until
                0x1000121c       0x94 CMakeFiles/p2.dir/home/pi/pico/pico-sdk/src/common/pico_time/time.c.obj
                0x1000121c                sleep_until
 .text.sleep_us
                0x100012b0       0x30 CMakeFiles/p2.dir/home/pi/pico/pico-sdk/src/common/pico_time/time.c.obj
                0x100012b0                sleep_us
 .text.sleep_ms
                0x100012e0       0x14 CMakeFiles/p2.dir/home/pi/pico/pico-sdk/src/common/pico_time/time.c.obj
                0x100012e0                sleep_ms
 .text.best_effort_wfe_or_timeout
                0x100012f4       0x80 CMakeFiles/p2.dir/home/pi/pico/pico-sdk/src/common/pico_time/time.c.obj
                0x100012f4                best_effort_wfe_or_timeout
 .text.hardware_alarm_irq_handler
                0x10001374       0x8c CMakeFiles/p2.dir/home/pi/pico/pico-sdk/src/rp2_common/hardware_timer/timer.c.obj
 .text.hardware_alarm_claim
                0x10001400       0x18 CMakeFiles/p2.dir/home/pi/pico/pico-sdk/src/rp2_common/hardware_timer/timer.c.obj
                0x10001400                hardware_alarm_claim
 .text.time_us_64
                0x10001418       0x18 CMakeFiles/p2.dir/home/pi/pico/pico-sdk/src/rp2_common/hardware_timer/timer.c.obj
                0x10001418                time_us_64
 .text.busy_wait_until
                0x10001430       0x28 CMakeFiles/p2.dir/home/pi/pico/pico-sdk/src/rp2_common/hardware_timer/timer.c.obj
                0x10001430                busy_wait_until
 .text.hardware_alarm_set_callback
                0x10001458       0x90 CMakeFiles/p2.dir/home/pi/pico/pico-sdk/src/rp2_common/hardware_timer/timer.c.obj
                0x10001458                hardware_alarm_set_callback
 .text.hardware_alarm_set_target
                0x100014e8       0xd0 CMakeFiles/p2.dir/home/pi/pico/pico-sdk/src/rp2_common/hardware_timer/timer.c.obj
                0x100014e8                hardware_alarm_set_target
 .text.hardware_alarm_cancel
                0x100015b8       0x40 CMakeFiles/p2.dir/home/pi/pico/pico-sdk/src/rp2_common/hardware_timer/timer.c.obj
                0x100015b8                hardware_alarm_cancel
 .text.lock_init
                0x100015f8       0x30 CMakeFiles/p2.dir/home/pi/pico/pico-sdk/src/common/pico_sync/lock_core.c.obj
                0x100015f8                lock_init
 .text.mutex_init
                0x10001628       0x1a CMakeFiles/p2.dir/home/pi/pico/pico-sdk/src/common/pico_sync/mutex.c.obj
                0x10001628                mutex_init
 .text.critical_section_init_with_lock_num
                0x10001642        0xc CMakeFiles/p2.dir/home/pi/pico/pico-sdk/src/common/pico_sync/critical_section.c.obj
                0x10001642                critical_section_init_with_lock_num
 .text.critical_section_init
                0x1000164e       0x14 CMakeFiles/p2.dir/home/pi/pico/pico-sdk/src/common/pico_sync/critical_section.c.obj
                0x1000164e                critical_section_init
 *fill*         0x10001662        0x2 
 .text.ph_add_child_node
                0x10001664       0xa4 CMakeFiles/p2.dir/home/pi/pico/pico-sdk/src/common/pico_util/pheap.c.obj
 .text.ph_merge_nodes
                0x10001708       0x3a CMakeFiles/p2.dir/home/pi/pico/pico-sdk/src/common/pico_util/pheap.c.obj
 *fill*         0x10001742        0x2 
 .text.ph_clear
                0x10001744       0x74 CMakeFiles/p2.dir/home/pi/pico/pico-sdk/src/common/pico_util/pheap.c.obj
                0x10001744                ph_clear
 .text.ph_create
                0x100017b8       0x2c CMakeFiles/p2.dir/home/pi/pico/pico-sdk/src/common/pico_util/pheap.c.obj
                0x100017b8                ph_create
 .text.ph_merge_two_pass
                0x100017e4       0xac CMakeFiles/p2.dir/home/pi/pico/pico-sdk/src/common/pico_util/pheap.c.obj
                0x100017e4                ph_merge_two_pass
 .text.ph_remove_any_head
                0x10001890      0x108 CMakeFiles/p2.dir/home/pi/pico/pico-sdk/src/common/pico_util/pheap.c.obj
 .text.ph_remove_head_reserve
                0x10001998       0x14 CMakeFiles/p2.dir/home/pi/pico/pico-sdk/src/common/pico_util/pheap.c.obj
                0x10001998                ph_remove_head_reserve
 .text.ph_delete
                0x100019ac       0xf8 CMakeFiles/p2.dir/home/pi/pico/pico-sdk/src/common/pico_util/pheap.c.obj
                0x100019ac                ph_delete
 .text.runtime_init
                0x10001aa4       0xcc CMakeFiles/p2.dir/home/pi/pico/pico-sdk/src/rp2_common/pico_runtime/runtime.c.obj
                0x10001aa4                runtime_init
 .text._exit    0x10001b70        0x4 CMakeFiles/p2.dir/home/pi/pico/pico-sdk/src/rp2_common/pico_runtime/runtime.c.obj
                0x10001b70                _exit
 .text._sbrk    0x10001b74       0x38 CMakeFiles/p2.dir/home/pi/pico/pico-sdk/src/rp2_common/pico_runtime/runtime.c.obj
                0x10001b74                _sbrk
 .text.exit     0x10001bac        0x6 CMakeFiles/p2.dir/home/pi/pico/pico-sdk/src/rp2_common/pico_runtime/runtime.c.obj
                0x10001bac                exit
 *fill*         0x10001bb2        0x2 
 .text.__assert_func
                0x10001bb4       0x3c CMakeFiles/p2.dir/home/pi/pico/pico-sdk/src/rp2_common/pico_runtime/runtime.c.obj
                0x10001bb4                __assert_func
 .text.panic    0x10001bf0       0x30 CMakeFiles/p2.dir/home/pi/pico/pico-sdk/src/rp2_common/pico_runtime/runtime.c.obj
                0x10001bf0                panic
 .text.clock_configure
                0x10001c20       0xec CMakeFiles/p2.dir/home/pi/pico/pico-sdk/src/rp2_common/hardware_clocks/clocks.c.obj
                0x10001c20                clock_configure
 .text.clocks_init
                0x10001d0c      0x124 CMakeFiles/p2.dir/home/pi/pico/pico-sdk/src/rp2_common/hardware_clocks/clocks.c.obj
                0x10001d0c                clocks_init
 .text.clock_get_hz
                0x10001e30        0xc CMakeFiles/p2.dir/home/pi/pico/pico-sdk/src/rp2_common/hardware_clocks/clocks.c.obj
                0x10001e30                clock_get_hz
 .text.watchdog_start_tick
                0x10001e3c       0x10 CMakeFiles/p2.dir/home/pi/pico/pico-sdk/src/rp2_common/hardware_watchdog/watchdog.c.obj
                0x10001e3c                watchdog_start_tick
 .text.xosc_init
                0x10001e4c       0x28 CMakeFiles/p2.dir/home/pi/pico/pico-sdk/src/rp2_common/hardware_xosc/xosc.c.obj
                0x10001e4c                xosc_init
 .text.pll_init
                0x10001e74       0xd4 CMakeFiles/p2.dir/home/pi/pico/pico-sdk/src/rp2_common/hardware_pll/pll.c.obj
                0x10001e74                pll_init
 .text.set_raw_irq_handler_and_unlock
                0x10001f48       0x28 CMakeFiles/p2.dir/home/pi/pico/pico-sdk/src/rp2_common/hardware_irq/irq.c.obj
 .text.make_branch
                0x10001f70       0x34 CMakeFiles/p2.dir/home/pi/pico/pico-sdk/src/rp2_common/hardware_irq/irq.c.obj
 .text.insert_branch_and_link
                0x10001fa4       0x40 CMakeFiles/p2.dir/home/pi/pico/pico-sdk/src/rp2_common/hardware_irq/irq.c.obj
 .text.irq_is_enabled
                0x10001fe4       0x18 CMakeFiles/p2.dir/home/pi/pico/pico-sdk/src/rp2_common/hardware_irq/irq.c.obj
                0x10001fe4                irq_is_enabled
 .text.irq_set_mask_enabled
                0x10001ffc       0x20 CMakeFiles/p2.dir/home/pi/pico/pico-sdk/src/rp2_common/hardware_irq/irq.c.obj
                0x10001ffc                irq_set_mask_enabled
 .text.irq_set_enabled
                0x1000201c        0xe CMakeFiles/p2.dir/home/pi/pico/pico-sdk/src/rp2_common/hardware_irq/irq.c.obj
                0x1000201c                irq_set_enabled
 *fill*         0x1000202a        0x2 
 .text.irq_set_pending
                0x1000202c       0x10 CMakeFiles/p2.dir/home/pi/pico/pico-sdk/src/rp2_common/hardware_irq/irq.c.obj
                0x1000202c                irq_set_pending
 .text.irq_get_vtable_handler
                0x1000203c       0x10 CMakeFiles/p2.dir/home/pi/pico/pico-sdk/src/rp2_common/hardware_irq/irq.c.obj
                0x1000203c                irq_get_vtable_handler
 .text.irq_set_exclusive_handler
                0x1000204c       0x54 CMakeFiles/p2.dir/home/pi/pico/pico-sdk/src/rp2_common/hardware_irq/irq.c.obj
                0x1000204c                irq_set_exclusive_handler
 .text.irq_remove_handler
                0x100020a0      0x1b8 CMakeFiles/p2.dir/home/pi/pico/pico-sdk/src/rp2_common/hardware_irq/irq.c.obj
                0x100020a0                irq_remove_handler
 .text.irq_set_priority
                0x10002258       0x28 CMakeFiles/p2.dir/home/pi/pico/pico-sdk/src/rp2_common/hardware_irq/irq.c.obj
                0x10002258                irq_set_priority
 .text.irq_add_tail_to_free_list
                0x10002280       0xf8 CMakeFiles/p2.dir/home/pi/pico/pico-sdk/src/rp2_common/hardware_irq/irq.c.obj
                0x10002280                irq_add_tail_to_free_list
 .text.irq_init_priorities
                0x10002378       0x16 CMakeFiles/p2.dir/home/pi/pico/pico-sdk/src/rp2_common/hardware_irq/irq.c.obj
                0x10002378                irq_init_priorities
 .text._out_null
                0x1000238e        0x2 CMakeFiles/p2.dir/home/pi/pico/pico-sdk/src/rp2_common/pico_printf/printf.c.obj
 .text._out_fct
                0x10002390        0xe CMakeFiles/p2.dir/home/pi/pico/pico-sdk/src/rp2_common/pico_printf/printf.c.obj
 .text._atoi    0x1000239e       0x24 CMakeFiles/p2.dir/home/pi/pico/pico-sdk/src/rp2_common/pico_printf/printf.c.obj
 .text._out_rev
                0x100023c2       0x8c CMakeFiles/p2.dir/home/pi/pico/pico-sdk/src/rp2_common/pico_printf/printf.c.obj
 .text._ntoa_format
                0x1000244e      0x112 CMakeFiles/p2.dir/home/pi/pico/pico-sdk/src/rp2_common/pico_printf/printf.c.obj
 .text._ntoa_long
                0x10002560       0x9e CMakeFiles/p2.dir/home/pi/pico/pico-sdk/src/rp2_common/pico_printf/printf.c.obj
 .text._ntoa_long_long
                0x100025fe       0xe2 CMakeFiles/p2.dir/home/pi/pico/pico-sdk/src/rp2_common/pico_printf/printf.c.obj
 .text._etoa    0x100026e0      0x3e8 CMakeFiles/p2.dir/home/pi/pico/pico-sdk/src/rp2_common/pico_printf/printf.c.obj
 .text._ftoa    0x10002ac8      0x340 CMakeFiles/p2.dir/home/pi/pico/pico-sdk/src/rp2_common/pico_printf/printf.c.obj
 .text._vsnprintf
                0x10002e08      0x640 CMakeFiles/p2.dir/home/pi/pico/pico-sdk/src/rp2_common/pico_printf/printf.c.obj
 .text.vfctprintf
                0x10003448       0x20 CMakeFiles/p2.dir/home/pi/pico/pico-sdk/src/rp2_common/pico_printf/printf.c.obj
                0x10003448                vfctprintf
 .text          0x10003468       0x10 CMakeFiles/p2.dir/home/pi/pico/pico-sdk/src/rp2_common/pico_bit_ops/bit_ops_aeabi.S.obj
 .text.rom_func_lookup
                0x10003478       0x10 CMakeFiles/p2.dir/home/pi/pico/pico-sdk/src/rp2_common/pico_bootrom/bootrom.c.obj
                0x10003478                rom_func_lookup
 .text.rom_data_lookup
                0x10003488       0x10 CMakeFiles/p2.dir/home/pi/pico/pico-sdk/src/rp2_common/pico_bootrom/bootrom.c.obj
                0x10003488                rom_data_lookup
 .text.rom_funcs_lookup
                0x10003498       0x36 CMakeFiles/p2.dir/home/pi/pico/pico-sdk/src/rp2_common/pico_bootrom/bootrom.c.obj
                0x10003498                rom_funcs_lookup
 *fill*         0x100034ce        0x2 
 .text.__wrap___aeabi_idiv
                0x100034d0       0x58 CMakeFiles/p2.dir/home/pi/pico/pico-sdk/src/rp2_common/pico_divider/divider.S.obj
                0x100034d0                __wrap___aeabi_idivmod
                0x100034d0                divmod_s32s32
                0x100034d0                div_s32s32
                0x100034d0                __wrap___aeabi_idiv
                0x100034d8                divmod_s32s32_unsafe
                0x10003504                divmod_s32s32_savestate
 .text.__wrap___aeabi_uidiv
                0x10003528       0x54 CMakeFiles/p2.dir/home/pi/pico/pico-sdk/src/rp2_common/pico_divider/divider.S.obj
                0x10003528                __wrap___aeabi_uidiv
                0x10003528                __wrap___aeabi_uidivmod
                0x10003528                div_u32u32
                0x10003528                divmod_u32u32
                0x10003530                divmod_u32u32_unsafe
                0x10003558                divmod_u32u32_savestate
 .text.__wrap___aeabi_ldiv
                0x1000357c      0x430 CMakeFiles/p2.dir/home/pi/pico/pico-sdk/src/rp2_common/pico_divider/divider.S.obj
                0x1000357c                div_s64s64
                0x1000357c                divmod_s64s64
                0x1000357c                __wrap___aeabi_ldivmod
                0x100035b4                div_u64u64
                0x100035b4                divmod_u64u64
                0x100035b4                __wrap___aeabi_uldivmod
                0x100035c4                divmod_u64u64_savestate
                0x100035ec                divmod_s64s64_unsafe
                0x10003674                divmod_u64u64_unsafe
 .text.__wrap___aeabi_darithmetic
                0x100039ac       0x54 CMakeFiles/p2.dir/home/pi/pico/pico-sdk/src/rp2_common/pico_double/double_aeabi.S.obj
                0x100039ac                __wrap___aeabi_drsub
                0x100039b2                __wrap___aeabi_dsub
                0x100039c4                __wrap___aeabi_dadd
                0x100039d6                __wrap___aeabi_ddiv
                0x100039e8                __wrap___aeabi_dmul
 .text.__wrap___aeabi_cdcmple
                0x10003a00       0x6c CMakeFiles/p2.dir/home/pi/pico/pico-sdk/src/rp2_common/pico_double/double_aeabi.S.obj
                0x10003a00                __wrap___aeabi_cdrcmple
                0x10003a10                __wrap___aeabi_cdcmple
                0x10003a10                __wrap___aeabi_cdcmpeq
 .text.__wrap___aeabi_dcmplt
                0x10003a6c        0xc CMakeFiles/p2.dir/home/pi/pico/pico-sdk/src/rp2_common/pico_double/double_aeabi.S.obj
                0x10003a6c                __wrap___aeabi_dcmplt
 .text.__wrap___aeabi_dcmple
                0x10003a78       0x10 CMakeFiles/p2.dir/home/pi/pico/pico-sdk/src/rp2_common/pico_double/double_aeabi.S.obj
                0x10003a78                __wrap___aeabi_dcmple
 .text.__wrap___aeabi_dcmpge
                0x10003a88       0x10 CMakeFiles/p2.dir/home/pi/pico/pico-sdk/src/rp2_common/pico_double/double_aeabi.S.obj
                0x10003a88                __wrap___aeabi_dcmpge
 .text.__wrap___aeabi_dcmpgt
                0x10003a98        0xa CMakeFiles/p2.dir/home/pi/pico/pico-sdk/src/rp2_common/pico_double/double_aeabi.S.obj
                0x10003a98                __wrap___aeabi_dcmpgt
 .text.__wrap___aeabi_dcmpun
                0x10003aa2       0x1c CMakeFiles/p2.dir/home/pi/pico/pico-sdk/src/rp2_common/pico_double/double_aeabi.S.obj
                0x10003aa2                __wrap___aeabi_dcmpun
 *fill*         0x10003abe        0x2 
 .text.__wrap___aeabi_i2d
                0x10003ac0       0x38 CMakeFiles/p2.dir/home/pi/pico/pico-sdk/src/rp2_common/pico_double/double_aeabi.S.obj
                0x10003ac0                __wrap___aeabi_ui2d
                0x10003ac8                __wrap___aeabi_i2d
 .text.__wrap___aeabi_d2iz
                0x10003af8       0x48 CMakeFiles/p2.dir/home/pi/pico/pico-sdk/src/rp2_common/pico_double/double_aeabi.S.obj
                0x10003af8                __wrap___aeabi_d2iz
                0x10003af8                double2int_z
 .text.__wrap___aeabi_d2uiz
                0x10003b40       0x18 CMakeFiles/p2.dir/home/pi/pico/pico-sdk/src/rp2_common/pico_double/double_aeabi.S.obj
                0x10003b40                double2uint
                0x10003b40                __wrap___aeabi_d2uiz
 .text.__wrap___aeabi_d2f
                0x10003b58       0x18 CMakeFiles/p2.dir/home/pi/pico/pico-sdk/src/rp2_common/pico_double/double_aeabi.S.obj
                0x10003b58                __wrap___aeabi_d2f
 .text.__aeabi_double_init
                0x10003b70       0xb8 CMakeFiles/p2.dir/home/pi/pico/pico-sdk/src/rp2_common/pico_double/double_init_rom.c.obj
                0x10003b70                __aeabi_double_init
 .text.double_table_shim_on_use_helper
                0x10003c28       0x34 CMakeFiles/p2.dir/home/pi/pico/pico-sdk/src/rp2_common/pico_double/double_v1_rom_shim.S.obj
                0x10003c28                double_table_shim_on_use_helper
 .text.__wrap___aeabi_dsub
                0x10003c5c       0x10 CMakeFiles/p2.dir/home/pi/pico/pico-sdk/src/rp2_common/pico_double/double_v1_rom_shim.S.obj
                0x10003c5c                drsub_shim
                0x10003c62                dsub_shim
 .text.dadd_shim
                0x10003c6c      0x15c CMakeFiles/p2.dir/home/pi/pico/pico-sdk/src/rp2_common/pico_double/double_v1_rom_shim.S.obj
                0x10003c6c                dadd_shim
 .text.dmul_shim
                0x10003dc8      0x15c CMakeFiles/p2.dir/home/pi/pico/pico-sdk/src/rp2_common/pico_double/double_v1_rom_shim.S.obj
                0x10003dc8                dmul_shim
 .text.ddiv_shim
                0x10003f24      0x1b0 CMakeFiles/p2.dir/home/pi/pico/pico-sdk/src/rp2_common/pico_double/double_v1_rom_shim.S.obj
                0x10003f24                ddiv_shim
 .text.dcordic_rot_step
                0x100040d4       0x7c CMakeFiles/p2.dir/home/pi/pico/pico-sdk/src/rp2_common/pico_double/double_v1_rom_shim.S.obj
                0x100040d4                dcordic_rot_step
 .text.double2uint_shim
                0x10004150        0xe CMakeFiles/p2.dir/home/pi/pico/pico-sdk/src/rp2_common/pico_double/double_v1_rom_shim.S.obj
                0x10004150                double2uint_shim
                0x10004152                double2ufix_shim
 *fill*         0x1000415e        0x2 
 .text.double2uint64_shim
                0x10004160       0x6c CMakeFiles/p2.dir/home/pi/pico/pico-sdk/src/rp2_common/pico_double/double_v1_rom_shim.S.obj
                0x10004160                double2uint64_shim
                0x10004162                double2ufix64_shim
                0x1000417c                d2fix_a
 .text.double2float_shim
                0x100041cc       0x5c CMakeFiles/p2.dir/home/pi/pico/pico-sdk/src/rp2_common/pico_double/double_v1_rom_shim.S.obj
                0x100041cc                double2float_shim
 .text.dunpacks
                0x10004228       0x3c CMakeFiles/p2.dir/home/pi/pico/pico-sdk/src/rp2_common/pico_double/double_v1_rom_shim.S.obj
                0x10004228                dunpacks
 .text.__aeabi_lmul
                0x10004264       0x32 CMakeFiles/p2.dir/home/pi/pico/pico-sdk/src/rp2_common/pico_int64_ops/pico_int64_ops_aeabi.S.obj
                0x10004264                __wrap___aeabi_lmul
 *fill*         0x10004296        0x2 
 .text.__wrap___aeabi_farithmetic
                0x10004298       0x34 CMakeFiles/p2.dir/home/pi/pico/pico-sdk/src/rp2_common/pico_float/float_aeabi.S.obj
                0x10004298                __wrap___aeabi_frsub
                0x1000429e                __wrap___aeabi_fsub
                0x100042a8                __wrap___aeabi_fadd
                0x100042b2                __wrap___aeabi_fdiv
                0x100042bc                __wrap___aeabi_fmul
 .text.__wrap___aeabi_cfcmple
                0x100042cc       0x50 CMakeFiles/p2.dir/home/pi/pico/pico-sdk/src/rp2_common/pico_float/float_aeabi.S.obj
                0x100042cc                __wrap___aeabi_cfrcmple
                0x100042d8                __wrap___aeabi_cfcmpeq
                0x100042d8                __wrap___aeabi_cfcmple
 .text.__wrap___aeabi_fcmple
                0x1000431c       0x10 CMakeFiles/p2.dir/home/pi/pico/pico-sdk/src/rp2_common/pico_float/float_aeabi.S.obj
                0x1000431c                __wrap___aeabi_fcmple
 .text.__wrap___aeabi_i2f
                0x1000432c       0x44 CMakeFiles/p2.dir/home/pi/pico/pico-sdk/src/rp2_common/pico_float/float_aeabi.S.obj
                0x1000432c                __wrap___aeabi_i2f
 .text.__wrap___aeabi_f2d
                0x10004370       0x14 CMakeFiles/p2.dir/home/pi/pico/pico-sdk/src/rp2_common/pico_float/float_aeabi.S.obj
                0x10004370                __wrap___aeabi_f2d
 .text.__aeabi_float_init
                0x10004384       0xfc CMakeFiles/p2.dir/home/pi/pico/pico-sdk/src/rp2_common/pico_float/float_init_rom.c.obj
                0x10004384                __aeabi_float_init
 .text.float_table_shim_on_use_helper
                0x10004480       0x34 CMakeFiles/p2.dir/home/pi/pico/pico-sdk/src/rp2_common/pico_float/float_v1_rom_shim.S.obj
                0x10004480                float_table_shim_on_use_helper
 .text.float2double_shim
                0x100044b4       0x30 CMakeFiles/p2.dir/home/pi/pico/pico-sdk/src/rp2_common/pico_float/float_v1_rom_shim.S.obj
                0x100044b4                float2double_shim
 .text.__wrap_malloc
                0x100044e4        0x8 CMakeFiles/p2.dir/home/pi/pico/pico-sdk/src/rp2_common/pico_malloc/pico_malloc.c.obj
                0x100044e4                __wrap_malloc
 .text.__wrap_calloc
                0x100044ec        0x8 CMakeFiles/p2.dir/home/pi/pico/pico-sdk/src/rp2_common/pico_malloc/pico_malloc.c.obj
                0x100044ec                __wrap_calloc
 .text          0x100044f4       0x10 CMakeFiles/p2.dir/home/pi/pico/pico-sdk/src/rp2_common/pico_mem_ops/mem_ops_aeabi.S.obj
                0x100044f4                __aeabi_mem_init
 .text.memset   0x10004504        0xc CMakeFiles/p2.dir/home/pi/pico/pico-sdk/src/rp2_common/pico_mem_ops/mem_ops_aeabi.S.obj
                0x10004504                __wrap_memset
 .text.memcpy   0x10004510        0xc CMakeFiles/p2.dir/home/pi/pico/pico-sdk/src/rp2_common/pico_mem_ops/mem_ops_aeabi.S.obj
                0x10004510                __wrap___aeabi_memcpy
                0x10004510                __wrap_memcpy
 .text.stdio_out_chars_crlf
                0x1000451c       0x80 CMakeFiles/p2.dir/home/pi/pico/pico-sdk/src/rp2_common/pico_stdio/stdio.c.obj
 .text.stdio_stack_buffer_flush
                0x1000459c       0x44 CMakeFiles/p2.dir/home/pi/pico/pico-sdk/src/rp2_common/pico_stdio/stdio.c.obj
 .text.stdio_buffered_printer
                0x100045e0       0x20 CMakeFiles/p2.dir/home/pi/pico/pico-sdk/src/rp2_common/pico_stdio/stdio.c.obj
 .text.stdout_serialize_begin
                0x10004600       0x2c CMakeFiles/p2.dir/home/pi/pico/pico-sdk/src/rp2_common/pico_stdio/stdio.c.obj
                0x10004600                stdout_serialize_begin
 .text.stdout_serialize_end
                0x1000462c       0x10 CMakeFiles/p2.dir/home/pi/pico/pico-sdk/src/rp2_common/pico_stdio/stdio.c.obj
                0x1000462c                stdout_serialize_end
 .text.stdio_put_string
                0x1000463c       0x78 CMakeFiles/p2.dir/home/pi/pico/pico-sdk/src/rp2_common/pico_stdio/stdio.c.obj
 .text.stdio_set_driver_enabled
                0x100046b4       0x38 CMakeFiles/p2.dir/home/pi/pico/pico-sdk/src/rp2_common/pico_stdio/stdio.c.obj
                0x100046b4                stdio_set_driver_enabled
 .text.stdio_flush
                0x100046ec       0x20 CMakeFiles/p2.dir/home/pi/pico/pico-sdk/src/rp2_common/pico_stdio/stdio.c.obj
                0x100046ec                stdio_flush
 .text.__wrap_puts
                0x1000470c       0x1c CMakeFiles/p2.dir/home/pi/pico/pico-sdk/src/rp2_common/pico_stdio/stdio.c.obj
                0x1000470c                __wrap_puts
 .text.__wrap_vprintf
                0x10004728       0x44 CMakeFiles/p2.dir/home/pi/pico/pico-sdk/src/rp2_common/pico_stdio/stdio.c.obj
                0x10004728                __wrap_vprintf
 .text.__wrap_printf
                0x1000476c       0x18 CMakeFiles/p2.dir/home/pi/pico/pico-sdk/src/rp2_common/pico_stdio/stdio.c.obj
                0x1000476c                __wrap_printf
 .text.stdio_init_all
                0x10004784        0xc CMakeFiles/p2.dir/home/pi/pico/pico-sdk/src/rp2_common/pico_stdio/stdio.c.obj
                0x10004784                stdio_init_all
 .text.stdio_uart_out_chars
                0x10004790       0x68 CMakeFiles/p2.dir/home/pi/pico/pico-sdk/src/rp2_common/pico_stdio_uart/stdio_uart.c.obj
 .text.stdio_uart_in_chars
                0x100047f8       0x54 CMakeFiles/p2.dir/home/pi/pico/pico-sdk/src/rp2_common/pico_stdio_uart/stdio_uart.c.obj
                0x100047f8                stdio_uart_in_chars
 .text.stdio_uart_init_full
                0x1000484c       0x34 CMakeFiles/p2.dir/home/pi/pico/pico-sdk/src/rp2_common/pico_stdio_uart/stdio_uart.c.obj
                0x1000484c                stdio_uart_init_full
 .text.stdio_uart_init
                0x10004880       0x28 CMakeFiles/p2.dir/home/pi/pico/pico-sdk/src/rp2_common/pico_stdio_uart/stdio_uart.c.obj
                0x10004880                stdio_uart_init
 .text.stdio_usb_in_chars
                0x100048a8       0x70 CMakeFiles/p2.dir/home/pi/pico/pico-sdk/src/rp2_common/pico_stdio_usb/stdio_usb.c.obj
                0x100048a8                stdio_usb_in_chars
 .text.low_priority_worker_irq
                0x10004918       0x20 CMakeFiles/p2.dir/home/pi/pico/pico-sdk/src/rp2_common/pico_stdio_usb/stdio_usb.c.obj
 .text.stdio_usb_out_chars
                0x10004938       0xd4 CMakeFiles/p2.dir/home/pi/pico/pico-sdk/src/rp2_common/pico_stdio_usb/stdio_usb.c.obj
 .text.timer_task
                0x10004a0c       0x10 CMakeFiles/p2.dir/home/pi/pico/pico-sdk/src/rp2_common/pico_stdio_usb/stdio_usb.c.obj
 .text.stdio_usb_init
                0x10004a1c       0x8c CMakeFiles/p2.dir/home/pi/pico/pico-sdk/src/rp2_common/pico_stdio_usb/stdio_usb.c.obj
                0x10004a1c                stdio_usb_init
 .text.tud_descriptor_device_cb
                0x10004aa8        0x8 CMakeFiles/p2.dir/home/pi/pico/pico-sdk/src/rp2_common/pico_stdio_usb/stdio_usb_descriptors.c.obj
                0x10004aa8                tud_descriptor_device_cb
 .text.tud_descriptor_configuration_cb
                0x10004ab0        0x8 CMakeFiles/p2.dir/home/pi/pico/pico-sdk/src/rp2_common/pico_stdio_usb/stdio_usb_descriptors.c.obj
                0x10004ab0                tud_descriptor_configuration_cb
 .text.tud_descriptor_string_cb
                0x10004ab8       0x50 CMakeFiles/p2.dir/home/pi/pico/pico-sdk/src/rp2_common/pico_stdio_usb/stdio_usb_descriptors.c.obj
                0x10004ab8                tud_descriptor_string_cb
 .text.hw_endpoint_get_by_addr
                0x10004b08       0x1c CMakeFiles/p2.dir/home/pi/pico/pico-sdk/lib/tinyusb/src/portable/raspberrypi/rp2040/dcd_rp2040.c.obj
 .text.reset_ep0
                0x10004b24       0x2c CMakeFiles/p2.dir/home/pi/pico/pico-sdk/lib/tinyusb/src/portable/raspberrypi/rp2040/dcd_rp2040.c.obj
 .text._hw_endpoint_alloc
                0x10004b50       0x7c CMakeFiles/p2.dir/home/pi/pico/pico-sdk/lib/tinyusb/src/portable/raspberrypi/rp2040/dcd_rp2040.c.obj
 .text._hw_endpoint_init
                0x10004bcc       0xbc CMakeFiles/p2.dir/home/pi/pico/pico-sdk/lib/tinyusb/src/portable/raspberrypi/rp2040/dcd_rp2040.c.obj
 .text.hw_endpoint_init
                0x10004c88       0x18 CMakeFiles/p2.dir/home/pi/pico/pico-sdk/lib/tinyusb/src/portable/raspberrypi/rp2040/dcd_rp2040.c.obj
 .text.hw_handle_buff_status
                0x10004ca0       0xbc CMakeFiles/p2.dir/home/pi/pico/pico-sdk/lib/tinyusb/src/portable/raspberrypi/rp2040/dcd_rp2040.c.obj
 .text.dcd_rp2040_irq
                0x10004d5c       0x84 CMakeFiles/p2.dir/home/pi/pico/pico-sdk/lib/tinyusb/src/portable/raspberrypi/rp2040/dcd_rp2040.c.obj
 .text.hw_endpoint_xfer
                0x10004de0       0x18 CMakeFiles/p2.dir/home/pi/pico/pico-sdk/lib/tinyusb/src/portable/raspberrypi/rp2040/dcd_rp2040.c.obj
 .text.ep0_0len_status
                0x10004df8       0x14 CMakeFiles/p2.dir/home/pi/pico/pico-sdk/lib/tinyusb/src/portable/raspberrypi/rp2040/dcd_rp2040.c.obj
 .text._hw_endpoint_stall
                0x10004e0c       0x54 CMakeFiles/p2.dir/home/pi/pico/pico-sdk/lib/tinyusb/src/portable/raspberrypi/rp2040/dcd_rp2040.c.obj
 .text.hw_endpoint_stall
                0x10004e60        0xc CMakeFiles/p2.dir/home/pi/pico/pico-sdk/lib/tinyusb/src/portable/raspberrypi/rp2040/dcd_rp2040.c.obj
 .text._hw_endpoint_clear_stall
                0x10004e6c       0x34 CMakeFiles/p2.dir/home/pi/pico/pico-sdk/lib/tinyusb/src/portable/raspberrypi/rp2040/dcd_rp2040.c.obj
 .text.hw_endpoint_clear_stall
                0x10004ea0        0xc CMakeFiles/p2.dir/home/pi/pico/pico-sdk/lib/tinyusb/src/portable/raspberrypi/rp2040/dcd_rp2040.c.obj
 .text.dcd_int_enable
                0x10004eac       0x2c CMakeFiles/p2.dir/home/pi/pico/pico-sdk/lib/tinyusb/src/portable/raspberrypi/rp2040/dcd_rp2040.c.obj
                0x10004eac                dcd_int_enable
 .text.dcd_set_address
                0x10004ed8       0x30 CMakeFiles/p2.dir/home/pi/pico/pico-sdk/lib/tinyusb/src/portable/raspberrypi/rp2040/dcd_rp2040.c.obj
                0x10004ed8                dcd_set_address
 .text.dcd_connect
                0x10004f08       0x30 CMakeFiles/p2.dir/home/pi/pico/pico-sdk/lib/tinyusb/src/portable/raspberrypi/rp2040/dcd_rp2040.c.obj
                0x10004f08                dcd_connect
 .text.dcd_init
                0x10004f38       0x90 CMakeFiles/p2.dir/home/pi/pico/pico-sdk/lib/tinyusb/src/portable/raspberrypi/rp2040/dcd_rp2040.c.obj
                0x10004f38                dcd_init
 .text.dcd_edpt0_status_complete
                0x10004fc8       0x44 CMakeFiles/p2.dir/home/pi/pico/pico-sdk/lib/tinyusb/src/portable/raspberrypi/rp2040/dcd_rp2040.c.obj
                0x10004fc8                dcd_edpt0_status_complete
 .text.dcd_edpt_open
                0x1000500c       0x40 CMakeFiles/p2.dir/home/pi/pico/pico-sdk/lib/tinyusb/src/portable/raspberrypi/rp2040/dcd_rp2040.c.obj
                0x1000500c                dcd_edpt_open
 .text.dcd_edpt_xfer
                0x1000504c       0x34 CMakeFiles/p2.dir/home/pi/pico/pico-sdk/lib/tinyusb/src/portable/raspberrypi/rp2040/dcd_rp2040.c.obj
                0x1000504c                dcd_edpt_xfer
 .text.dcd_edpt_stall
                0x10005080       0x28 CMakeFiles/p2.dir/home/pi/pico/pico-sdk/lib/tinyusb/src/portable/raspberrypi/rp2040/dcd_rp2040.c.obj
                0x10005080                dcd_edpt_stall
 .text.dcd_edpt_clear_stall
                0x100050a8       0x28 CMakeFiles/p2.dir/home/pi/pico/pico-sdk/lib/tinyusb/src/portable/raspberrypi/rp2040/dcd_rp2040.c.obj
                0x100050a8                dcd_edpt_clear_stall
 .text.rp2040_usb_init
                0x100050d0       0x50 CMakeFiles/p2.dir/home/pi/pico/pico-sdk/lib/tinyusb/src/portable/raspberrypi/rp2040/rp2040_usb.c.obj
                0x100050d0                rp2040_usb_init
 .text.hw_endpoint_reset_transfer
                0x10005120       0x14 CMakeFiles/p2.dir/home/pi/pico/pico-sdk/lib/tinyusb/src/portable/raspberrypi/rp2040/rp2040_usb.c.obj
                0x10005120                hw_endpoint_reset_transfer
 .text._hw_endpoint_buffer_control_update32
                0x10005134       0x54 CMakeFiles/p2.dir/home/pi/pico/pico-sdk/lib/tinyusb/src/portable/raspberrypi/rp2040/rp2040_usb.c.obj
                0x10005134                _hw_endpoint_buffer_control_update32
 .text._hw_endpoint_start_next_buffer
                0x10005188       0x5a CMakeFiles/p2.dir/home/pi/pico/pico-sdk/lib/tinyusb/src/portable/raspberrypi/rp2040/rp2040_usb.c.obj
                0x10005188                _hw_endpoint_start_next_buffer
 .text._hw_endpoint_xfer_start
                0x100051e2       0x46 CMakeFiles/p2.dir/home/pi/pico/pico-sdk/lib/tinyusb/src/portable/raspberrypi/rp2040/rp2040_usb.c.obj
                0x100051e2                _hw_endpoint_xfer_start
 .text._hw_endpoint_xfer_sync
                0x10005228       0x74 CMakeFiles/p2.dir/home/pi/pico/pico-sdk/lib/tinyusb/src/portable/raspberrypi/rp2040/rp2040_usb.c.obj
                0x10005228                _hw_endpoint_xfer_sync
 .text._hw_endpoint_xfer_continue
                0x1000529c       0x58 CMakeFiles/p2.dir/home/pi/pico/pico-sdk/lib/tinyusb/src/portable/raspberrypi/rp2040/rp2040_usb.c.obj
                0x1000529c                _hw_endpoint_xfer_continue
 .text._hw_endpoint_xfer
                0x100052f4       0x34 CMakeFiles/p2.dir/home/pi/pico/pico-sdk/lib/tinyusb/src/portable/raspberrypi/rp2040/rp2040_usb.c.obj
                0x100052f4                _hw_endpoint_xfer
 .text.mark_interface_endpoint
                0x10005328       0x2a CMakeFiles/p2.dir/home/pi/pico/pico-sdk/lib/tinyusb/src/device/usbd.c.obj
 *fill*         0x10005352        0x2 
 .text.usbd_reset
                0x10005354       0x8c CMakeFiles/p2.dir/home/pi/pico/pico-sdk/lib/tinyusb/src/device/usbd.c.obj
 .text.invoke_class_control
                0x100053e0       0x18 CMakeFiles/p2.dir/home/pi/pico/pico-sdk/lib/tinyusb/src/device/usbd.c.obj
 .text.process_set_config
                0x100053f8      0x1d8 CMakeFiles/p2.dir/home/pi/pico/pico-sdk/lib/tinyusb/src/device/usbd.c.obj
 .text.process_get_descriptor
                0x100055d0      0x100 CMakeFiles/p2.dir/home/pi/pico/pico-sdk/lib/tinyusb/src/device/usbd.c.obj
 .text.tud_mounted
                0x100056d0       0x10 CMakeFiles/p2.dir/home/pi/pico/pico-sdk/lib/tinyusb/src/device/usbd.c.obj
                0x100056d0                tud_mounted
 .text.tud_suspended
                0x100056e0       0x10 CMakeFiles/p2.dir/home/pi/pico/pico-sdk/lib/tinyusb/src/device/usbd.c.obj
                0x100056e0                tud_suspended
 .text.tud_init
                0x100056f0       0xb8 CMakeFiles/p2.dir/home/pi/pico/pico-sdk/lib/tinyusb/src/device/usbd.c.obj
                0x100056f0                tud_init
 .text.dcd_event_handler
                0x100057a8      0x1c0 CMakeFiles/p2.dir/home/pi/pico/pico-sdk/lib/tinyusb/src/device/usbd.c.obj
                0x100057a8                dcd_event_handler
 .text.dcd_event_bus_signal
                0x10005968       0x28 CMakeFiles/p2.dir/home/pi/pico/pico-sdk/lib/tinyusb/src/device/usbd.c.obj
                0x10005968                dcd_event_bus_signal
 .text.dcd_event_setup_received
                0x10005990       0x34 CMakeFiles/p2.dir/home/pi/pico/pico-sdk/lib/tinyusb/src/device/usbd.c.obj
                0x10005990                dcd_event_setup_received
 .text.dcd_event_xfer_complete
                0x100059c4       0x46 CMakeFiles/p2.dir/home/pi/pico/pico-sdk/lib/tinyusb/src/device/usbd.c.obj
                0x100059c4                dcd_event_xfer_complete
 .text.usbd_edpt_open
                0x10005a0a        0x8 CMakeFiles/p2.dir/home/pi/pico/pico-sdk/lib/tinyusb/src/device/usbd.c.obj
                0x10005a0a                usbd_edpt_open
 *fill*         0x10005a12        0x2 
 .text.usbd_open_edpt_pair
                0x10005a14       0x84 CMakeFiles/p2.dir/home/pi/pico/pico-sdk/lib/tinyusb/src/device/usbd.c.obj
                0x10005a14                usbd_open_edpt_pair
 .text.usbd_edpt_claim
                0x10005a98       0x88 CMakeFiles/p2.dir/home/pi/pico/pico-sdk/lib/tinyusb/src/device/usbd.c.obj
                0x10005a98                usbd_edpt_claim
 .text.usbd_edpt_release
                0x10005b20       0x68 CMakeFiles/p2.dir/home/pi/pico/pico-sdk/lib/tinyusb/src/device/usbd.c.obj
                0x10005b20                usbd_edpt_release
 .text.usbd_edpt_xfer
                0x10005b88       0x80 CMakeFiles/p2.dir/home/pi/pico/pico-sdk/lib/tinyusb/src/device/usbd.c.obj
                0x10005b88                usbd_edpt_xfer
 .text.usbd_edpt_stall
                0x10005c08       0x2c CMakeFiles/p2.dir/home/pi/pico/pico-sdk/lib/tinyusb/src/device/usbd.c.obj
                0x10005c08                usbd_edpt_stall
 .text.usbd_edpt_clear_stall
                0x10005c34       0x2c CMakeFiles/p2.dir/home/pi/pico/pico-sdk/lib/tinyusb/src/device/usbd.c.obj
                0x10005c34                usbd_edpt_clear_stall
 .text.usbd_edpt_stalled
                0x10005c60       0x1c CMakeFiles/p2.dir/home/pi/pico/pico-sdk/lib/tinyusb/src/device/usbd.c.obj
                0x10005c60                usbd_edpt_stalled
 .text.process_control_request
                0x10005c7c      0x37c CMakeFiles/p2.dir/home/pi/pico/pico-sdk/lib/tinyusb/src/device/usbd.c.obj
 .text.tud_task
                0x10005ff8      0x204 CMakeFiles/p2.dir/home/pi/pico/pico-sdk/lib/tinyusb/src/device/usbd.c.obj
                0x10005ff8                tud_task
 .text._data_stage_xact
                0x100061fc       0x58 CMakeFiles/p2.dir/home/pi/pico/pico-sdk/lib/tinyusb/src/device/usbd_control.c.obj
 .text.tud_control_status
                0x10006254       0x38 CMakeFiles/p2.dir/home/pi/pico/pico-sdk/lib/tinyusb/src/device/usbd_control.c.obj
                0x10006254                tud_control_status
 .text.tud_control_xfer
                0x1000628c       0xa4 CMakeFiles/p2.dir/home/pi/pico/pico-sdk/lib/tinyusb/src/device/usbd_control.c.obj
                0x1000628c                tud_control_xfer
 .text.usbd_control_reset
                0x10006330       0x14 CMakeFiles/p2.dir/home/pi/pico/pico-sdk/lib/tinyusb/src/device/usbd_control.c.obj
                0x10006330                usbd_control_reset
 .text.usbd_control_set_complete_callback
                0x10006344        0xc CMakeFiles/p2.dir/home/pi/pico/pico-sdk/lib/tinyusb/src/device/usbd_control.c.obj
                0x10006344                usbd_control_set_complete_callback
 .text.usbd_control_set_request
                0x10006350       0x1c CMakeFiles/p2.dir/home/pi/pico/pico-sdk/lib/tinyusb/src/device/usbd_control.c.obj
                0x10006350                usbd_control_set_request
 .text.usbd_control_xfer_cb
                0x1000636c       0xec CMakeFiles/p2.dir/home/pi/pico/pico-sdk/lib/tinyusb/src/device/usbd_control.c.obj
                0x1000636c                usbd_control_xfer_cb
 .text._prep_out_transaction
                0x10006458       0x46 CMakeFiles/p2.dir/home/pi/pico/pico-sdk/lib/tinyusb/src/class/cdc/cdc_device.c.obj
 *fill*         0x1000649e        0x2 
 .text.tud_cdc_n_connected
                0x100064a0       0x48 CMakeFiles/p2.dir/home/pi/pico/pico-sdk/lib/tinyusb/src/class/cdc/cdc_device.c.obj
                0x100064a0                tud_cdc_n_connected
 .text.tud_cdc_n_available
                0x100064e8       0x1c CMakeFiles/p2.dir/home/pi/pico/pico-sdk/lib/tinyusb/src/class/cdc/cdc_device.c.obj
                0x100064e8                tud_cdc_n_available
 .text.tud_cdc_n_read
                0x10006504       0x30 CMakeFiles/p2.dir/home/pi/pico/pico-sdk/lib/tinyusb/src/class/cdc/cdc_device.c.obj
                0x10006504                tud_cdc_n_read
 .text.tud_cdc_n_write_flush
                0x10006534       0xc4 CMakeFiles/p2.dir/home/pi/pico/pico-sdk/lib/tinyusb/src/class/cdc/cdc_device.c.obj
                0x10006534                tud_cdc_n_write_flush
 .text.tud_cdc_n_write
                0x100065f8       0x38 CMakeFiles/p2.dir/home/pi/pico/pico-sdk/lib/tinyusb/src/class/cdc/cdc_device.c.obj
                0x100065f8                tud_cdc_n_write
 .text.tud_cdc_n_write_available
                0x10006630       0x1c CMakeFiles/p2.dir/home/pi/pico/pico-sdk/lib/tinyusb/src/class/cdc/cdc_device.c.obj
                0x10006630                tud_cdc_n_write_available
 .text.cdcd_init
                0x1000664c       0xd4 CMakeFiles/p2.dir/home/pi/pico/pico-sdk/lib/tinyusb/src/class/cdc/cdc_device.c.obj
                0x1000664c                cdcd_init
 .text.cdcd_reset
                0x10006720       0x44 CMakeFiles/p2.dir/home/pi/pico/pico-sdk/lib/tinyusb/src/class/cdc/cdc_device.c.obj
                0x10006720                cdcd_reset
 .text.cdcd_open
                0x10006764      0x110 CMakeFiles/p2.dir/home/pi/pico/pico-sdk/lib/tinyusb/src/class/cdc/cdc_device.c.obj
                0x10006764                cdcd_open
 .text.cdcd_control_complete
                0x10006874       0x60 CMakeFiles/p2.dir/home/pi/pico/pico-sdk/lib/tinyusb/src/class/cdc/cdc_device.c.obj
                0x10006874                cdcd_control_complete
 .text.cdcd_control_request
                0x100068d4       0x9c CMakeFiles/p2.dir/home/pi/pico/pico-sdk/lib/tinyusb/src/class/cdc/cdc_device.c.obj
                0x100068d4                cdcd_control_request
 .text.cdcd_xfer_cb
                0x10006970      0x134 CMakeFiles/p2.dir/home/pi/pico/pico-sdk/lib/tinyusb/src/class/cdc/cdc_device.c.obj
                0x10006970                cdcd_xfer_cb
 .text.tusb_init
                0x10006aa4       0x38 CMakeFiles/p2.dir/home/pi/pico/pico-sdk/lib/tinyusb/src/tusb.c.obj
                0x10006aa4                tusb_init
 .text.tusb_inited
                0x10006adc        0xc CMakeFiles/p2.dir/home/pi/pico/pico-sdk/lib/tinyusb/src/tusb.c.obj
                0x10006adc                tusb_inited
 .text.advance_pointer
                0x10006ae8       0x20 CMakeFiles/p2.dir/home/pi/pico/pico-sdk/lib/tinyusb/src/common/tusb_fifo.c.obj
 .text.backward_pointer
                0x10006b08       0x20 CMakeFiles/p2.dir/home/pi/pico/pico-sdk/lib/tinyusb/src/common/tusb_fifo.c.obj
 .text.get_relative_pointer
                0x10006b28       0x16 CMakeFiles/p2.dir/home/pi/pico/pico-sdk/lib/tinyusb/src/common/tusb_fifo.c.obj
 .text.tu_fifo_lock
                0x10006b3e       0x12 CMakeFiles/p2.dir/home/pi/pico/pico-sdk/lib/tinyusb/src/common/tusb_fifo.c.obj
 .text.tu_fifo_unlock
                0x10006b50        0xe CMakeFiles/p2.dir/home/pi/pico/pico-sdk/lib/tinyusb/src/common/tusb_fifo.c.obj
 .text._tu_fifo_peek_at
                0x10006b5e       0x5e CMakeFiles/p2.dir/home/pi/pico/pico-sdk/lib/tinyusb/src/common/tusb_fifo.c.obj
 .text._ff_pull_n
                0x10006bbc       0x4a CMakeFiles/p2.dir/home/pi/pico/pico-sdk/lib/tinyusb/src/common/tusb_fifo.c.obj
 .text._tu_fifo_peek_at_n
                0x10006c06       0x72 CMakeFiles/p2.dir/home/pi/pico/pico-sdk/lib/tinyusb/src/common/tusb_fifo.c.obj
 .text._ff_push_n
                0x10006c78       0x4a CMakeFiles/p2.dir/home/pi/pico/pico-sdk/lib/tinyusb/src/common/tusb_fifo.c.obj
 .text.tu_fifo_config
                0x10006cc2       0x48 CMakeFiles/p2.dir/home/pi/pico/pico-sdk/lib/tinyusb/src/common/tusb_fifo.c.obj
                0x10006cc2                tu_fifo_config
 .text.tu_fifo_count
                0x10006d0a       0x1a CMakeFiles/p2.dir/home/pi/pico/pico-sdk/lib/tinyusb/src/common/tusb_fifo.c.obj
                0x10006d0a                tu_fifo_count
 .text.tu_fifo_remaining
                0x10006d24       0x20 CMakeFiles/p2.dir/home/pi/pico/pico-sdk/lib/tinyusb/src/common/tusb_fifo.c.obj
                0x10006d24                tu_fifo_remaining
 .text.tu_fifo_read
                0x10006d44       0x3a CMakeFiles/p2.dir/home/pi/pico/pico-sdk/lib/tinyusb/src/common/tusb_fifo.c.obj
                0x10006d44                tu_fifo_read
 .text.tu_fifo_read_n
                0x10006d7e       0x3e CMakeFiles/p2.dir/home/pi/pico/pico-sdk/lib/tinyusb/src/common/tusb_fifo.c.obj
                0x10006d7e                tu_fifo_read_n
 .text.tu_fifo_write
                0x10006dbc       0x5c CMakeFiles/p2.dir/home/pi/pico/pico-sdk/lib/tinyusb/src/common/tusb_fifo.c.obj
                0x10006dbc                tu_fifo_write
 .text.tu_fifo_write_n
                0x10006e18       0x7c CMakeFiles/p2.dir/home/pi/pico/pico-sdk/lib/tinyusb/src/common/tusb_fifo.c.obj
                0x10006e18                tu_fifo_write_n
 .text.tu_fifo_clear
                0x10006e94       0x18 CMakeFiles/p2.dir/home/pi/pico/pico-sdk/lib/tinyusb/src/common/tusb_fifo.c.obj
                0x10006e94                tu_fifo_clear
 .text.adc_init
                0x10006eac       0x34 CMakeFiles/p2.dir/home/pi/pico/pico-sdk/src/rp2_common/hardware_adc/adc.c.obj
                0x10006eac                adc_init
 .text          0x10006ee0       0x18 /usr/lib/gcc/arm-none-eabi/7.3.1/../../../arm-none-eabi/lib/thumb/v6-m/libg.a(lib_a-calloc.o)
                0x10006ee0                calloc
 .text          0x10006ef8       0x58 /usr/lib/gcc/arm-none-eabi/7.3.1/../../../arm-none-eabi/lib/thumb/v6-m/libg.a(lib_a-callocr.o)
                0x10006ef8                _calloc_r
 .text          0x10006f50       0x28 /usr/lib/gcc/arm-none-eabi/7.3.1/../../../arm-none-eabi/lib/thumb/v6-m/libg.a(lib_a-malloc.o)
                0x10006f50                malloc
                0x10006f64                free
 .text          0x10006f78      0x570 /usr/lib/gcc/arm-none-eabi/7.3.1/../../../arm-none-eabi/lib/thumb/v6-m/libg.a(lib_a-mallocr.o)
                0x10006f78                _malloc_r
 .text          0x100074e8        0x8 /usr/lib/gcc/arm-none-eabi/7.3.1/../../../arm-none-eabi/lib/thumb/v6-m/libg.a(lib_a-mlock.o)
                0x100074e8                __malloc_lock
                0x100074ec                __malloc_unlock
 .text          0x100074f0       0x24 /usr/lib/gcc/arm-none-eabi/7.3.1/../../../arm-none-eabi/lib/thumb/v6-m/libg.a(lib_a-sbrkr.o)
                0x100074f0                _sbrk_r
 .text          0x10007514       0x64 /usr/lib/gcc/arm-none-eabi/7.3.1/../../../arm-none-eabi/lib/thumb/v6-m/libg.a(lib_a-strlen-stub.o)
                0x10007514                strlen
 .text          0x10007578      0x274 /usr/lib/gcc/arm-none-eabi/7.3.1/../../../arm-none-eabi/lib/thumb/v6-m/libg.a(lib_a-freer.o)
                0x10007578                _malloc_trim_r
                0x10007618                _free_r
 *(.fini)
 .fini          0x100077ec        0x4 /usr/lib/gcc/arm-none-eabi/7.3.1/thumb/v6-m/crti.o
                0x100077ec                _fini
 .fini.__stub   0x100077f0       0x60 linker stubs
 *crtbegin.o(.ctors)
 *crtbegin?.o(.ctors)
 *(EXCLUDE_FILE(*crtend.o *crtend?.o) .ctors)
 *(SORT_BY_NAME(.ctors.*))
 *(.ctors)
 *crtbegin.o(.dtors)
 *crtbegin?.o(.dtors)
 *(EXCLUDE_FILE(*crtend.o *crtend?.o) .dtors)
 *(SORT_BY_NAME(.dtors.*))
 *(.dtors)
 *(.eh_frame*)
 .eh_frame      0x10007850        0x0 /usr/lib/gcc/arm-none-eabi/7.3.1/thumb/v6-m/crtbegin.o
                0x10007850                . = ALIGN (0x4)

.glue_7         0x10007850        0x0
 .glue_7        0x10007850        0x0 linker stubs

.glue_7t        0x10007850        0x0
 .glue_7t       0x10007850        0x0 linker stubs

.vfp11_veneer   0x10007850        0x0
 .vfp11_veneer  0x10007850        0x0 linker stubs

.v4_bx          0x10007850        0x0
 .v4_bx         0x10007850        0x0 linker stubs

.iplt           0x10007850        0x0
 .iplt          0x10007850        0x0 /usr/lib/gcc/arm-none-eabi/7.3.1/thumb/v6-m/crtbegin.o

.rodata         0x10007850     0x1884
 *(EXCLUDE_FILE(*libm.a: *libc.a:*lib_a-mem*.o *libgcc.a:) .rodata*)
 .rodata.Update_State.str1.4
                0x10007850      0x53c CMakeFiles/p2.dir/p2.c.obj
 .rodata.spin_lock_claim_unused.str1.4
                0x10007d8c       0x1b CMakeFiles/p2.dir/home/pi/pico/pico-sdk/src/rp2_common/hardware_sync/sync.c.obj
 *fill*         0x10007da7        0x1 
 .rodata.__func__.5862
                0x10007da8        0xc CMakeFiles/p2.dir/home/pi/pico/pico-sdk/src/common/pico_time/time.c.obj
 .rodata.__func__.5869
                0x10007db4       0x12 CMakeFiles/p2.dir/home/pi/pico/pico-sdk/src/common/pico_time/time.c.obj
 *fill*         0x10007dc6        0x2 
 .rodata.__func__.5884
                0x10007dc8        0xa CMakeFiles/p2.dir/home/pi/pico/pico-sdk/src/common/pico_time/time.c.obj
 *fill*         0x10007dd2        0x2 
 .rodata.__func__.5906
                0x10007dd4       0x14 CMakeFiles/p2.dir/home/pi/pico/pico-sdk/src/common/pico_time/time.c.obj
 .rodata.__func__.6176
                0x10007de8       0x17 CMakeFiles/p2.dir/home/pi/pico/pico-sdk/src/common/pico_time/time.c.obj
 *fill*         0x10007dff        0x1 
 .rodata.__func__.6181
                0x10007e00        0xa CMakeFiles/p2.dir/home/pi/pico/pico-sdk/src/common/pico_time/time.c.obj
 *fill*         0x10007e0a        0x2 
 .rodata.__func__.6186
                0x10007e0c       0x12 CMakeFiles/p2.dir/home/pi/pico/pico-sdk/src/common/pico_time/time.c.obj
 *fill*         0x10007e1e        0x2 
 .rodata.__func__.6207
                0x10007e20       0x15 CMakeFiles/p2.dir/home/pi/pico/pico-sdk/src/common/pico_time/time.c.obj
 *fill*         0x10007e35        0x3 
 .rodata.__func__.6224
                0x10007e38       0x1a CMakeFiles/p2.dir/home/pi/pico/pico-sdk/src/common/pico_time/time.c.obj
 *fill*         0x10007e52        0x2 
 .rodata.__func__.6259
                0x10007e54       0x18 CMakeFiles/p2.dir/home/pi/pico/pico-sdk/src/common/pico_time/time.c.obj
 .rodata.add_alarm_under_lock.str1.4
                0x10007e6c       0x27 CMakeFiles/p2.dir/home/pi/pico/pico-sdk/src/common/pico_time/time.c.obj
 *fill*         0x10007e93        0x1 
 .rodata.alarm_pool_alarm_callback.str1.4
                0x10007e94       0x7d CMakeFiles/p2.dir/home/pi/pico/pico-sdk/src/common/pico_time/time.c.obj
 *fill*         0x10007f11        0x3 
 .rodata.alarm_pool_cancel_alarm.str1.4
                0x10007f14       0x27 CMakeFiles/p2.dir/home/pi/pico/pico-sdk/src/common/pico_time/time.c.obj
 *fill*         0x10007f3b        0x1 
 .rodata.alarm_pool_dump_key.str1.4
                0x10007f3c       0x67 CMakeFiles/p2.dir/home/pi/pico/pico-sdk/src/common/pico_time/time.c.obj
 *fill*         0x10007fa3        0x1 
 .rodata.alarm_pool_get_default.str1.4
                0x10007fa4       0x13 CMakeFiles/p2.dir/home/pi/pico/pico-sdk/src/common/pico_time/time.c.obj
 *fill*         0x10007fb7        0x1 
 .rodata.ph_add_child_node.str1.4
                0x10007fb8       0x92 CMakeFiles/p2.dir/home/pi/pico/pico-sdk/src/common/pico_time/time.c.obj
 *fill*         0x1000804a        0x2 
 .rodata.__func__.4462
                0x1000804c       0x1a CMakeFiles/p2.dir/home/pi/pico/pico-sdk/src/rp2_common/hardware_timer/timer.c.obj
 *fill*         0x10008066        0x2 
 .rodata.hardware_alarm_claim.str1.4
                0x10008068       0x22 CMakeFiles/p2.dir/home/pi/pico/pico-sdk/src/rp2_common/hardware_timer/timer.c.obj
 *fill*         0x1000808a        0x2 
 .rodata.hardware_alarm_set_target.str1.4
                0x1000808c       0x61 CMakeFiles/p2.dir/home/pi/pico/pico-sdk/src/rp2_common/hardware_timer/timer.c.obj
 *fill*         0x100080ed        0x3 
 .rodata.__func__.4304
                0x100080f0        0xa CMakeFiles/p2.dir/home/pi/pico/pico-sdk/src/common/pico_sync/lock_core.c.obj
 *fill*         0x100080fa        0x2 
 .rodata.lock_init.str1.4
                0x100080fc       0x64 CMakeFiles/p2.dir/home/pi/pico/pico-sdk/src/common/pico_sync/lock_core.c.obj
 .rodata.__func__.4519
                0x10008160       0x15 CMakeFiles/p2.dir/home/pi/pico/pico-sdk/src/common/pico_sync/mutex.c.obj
 *fill*         0x10008175        0x3 
 .rodata.__func__.4538
                0x10008178       0x18 CMakeFiles/p2.dir/home/pi/pico/pico-sdk/src/common/pico_sync/mutex.c.obj
 .rodata.__func__.4547
                0x10008190        0xb CMakeFiles/p2.dir/home/pi/pico/pico-sdk/src/common/pico_sync/mutex.c.obj
 *fill*         0x1000819b        0x1 
 .rodata.str1.4
                0x1000819c       0x58 CMakeFiles/p2.dir/home/pi/pico/pico-sdk/src/common/pico_sync/mutex.c.obj
 .rodata.__func__.5643
                0x100081f4        0xc CMakeFiles/p2.dir/home/pi/pico/pico-sdk/src/common/pico_util/pheap.c.obj
 .rodata.__func__.5650
                0x10008200       0x12 CMakeFiles/p2.dir/home/pi/pico/pico-sdk/src/common/pico_util/pheap.c.obj
 *fill*         0x10008212        0x2 
 .rodata.__func__.5723
                0x10008214       0x13 CMakeFiles/p2.dir/home/pi/pico/pico-sdk/src/common/pico_util/pheap.c.obj
 *fill*         0x10008227        0x1 
 .rodata.__func__.5741
                0x10008228        0xa CMakeFiles/p2.dir/home/pi/pico/pico-sdk/src/common/pico_util/pheap.c.obj
 .rodata.ph_add_child_node.str1.4
                0x10008232       0x92 CMakeFiles/p2.dir/home/pi/pico/pico-sdk/src/common/pico_util/pheap.c.obj
 *fill*         0x10008232        0x2 
 .rodata.ph_delete.str1.4
                0x10008234       0x26 CMakeFiles/p2.dir/home/pi/pico/pico-sdk/src/common/pico_util/pheap.c.obj
 *fill*         0x1000825a        0x2 
 .rodata.ph_remove_any_head.str1.4
                0x1000825c       0x88 CMakeFiles/p2.dir/home/pi/pico/pico-sdk/src/common/pico_util/pheap.c.obj
 .rodata.__assert_func.str1.4
                0x100082e4       0x3f CMakeFiles/p2.dir/home/pi/pico/pico-sdk/src/rp2_common/pico_runtime/runtime.c.obj
                                 0x43 (size before relaxing)
 *fill*         0x10008323        0x1 
 .rodata.panic.str1.4
                0x10008324       0x12 CMakeFiles/p2.dir/home/pi/pico/pico-sdk/src/rp2_common/pico_runtime/runtime.c.obj
 *fill*         0x10008336        0x2 
 .rodata.__func__.4598
                0x10008338       0x10 CMakeFiles/p2.dir/home/pi/pico/pico-sdk/src/rp2_common/hardware_clocks/clocks.c.obj
 .rodata.clock_configure.str1.4
                0x10008348       0x53 CMakeFiles/p2.dir/home/pi/pico/pico-sdk/src/rp2_common/hardware_clocks/clocks.c.obj
 *fill*         0x1000839b        0x1 
 .rodata.__func__.4332
                0x1000839c        0x9 CMakeFiles/p2.dir/home/pi/pico/pico-sdk/src/rp2_common/hardware_pll/pll.c.obj
 *fill*         0x100083a5        0x3 
 .rodata.pll_init.str1.4
                0x100083a8       0xd7 CMakeFiles/p2.dir/home/pi/pico/pico-sdk/src/rp2_common/hardware_pll/pll.c.obj
 *fill*         0x1000847f        0x1 
 .rodata.__func__.4423
                0x10008480       0x1a CMakeFiles/p2.dir/home/pi/pico/pico-sdk/src/rp2_common/hardware_irq/irq.c.obj
 *fill*         0x1000849a        0x2 
 .rodata.__func__.4437
                0x1000849c        0xc CMakeFiles/p2.dir/home/pi/pico/pico-sdk/src/rp2_common/hardware_irq/irq.c.obj
 .rodata.__func__.4445
                0x100084a8       0x17 CMakeFiles/p2.dir/home/pi/pico/pico-sdk/src/rp2_common/hardware_irq/irq.c.obj
 *fill*         0x100084bf        0x1 
 .rodata.__func__.4449
                0x100084c0        0xf CMakeFiles/p2.dir/home/pi/pico/pico-sdk/src/rp2_common/hardware_irq/irq.c.obj
 *fill*         0x100084cf        0x1 
 .rodata.__func__.4485
                0x100084d0       0x13 CMakeFiles/p2.dir/home/pi/pico/pico-sdk/src/rp2_common/hardware_irq/irq.c.obj
 *fill*         0x100084e3        0x1 
 .rodata.__func__.4504
                0x100084e4       0x1a CMakeFiles/p2.dir/home/pi/pico/pico-sdk/src/rp2_common/hardware_irq/irq.c.obj
 *fill*         0x100084fe        0x2 
 .rodata.irq_add_shared_handler.str1.4
                0x10008500       0xd9 CMakeFiles/p2.dir/home/pi/pico/pico-sdk/src/rp2_common/hardware_irq/irq.c.obj
 *fill*         0x100085d9        0x3 
 .rodata.irq_add_tail_to_free_list.str1.4
                0x100085dc       0x32 CMakeFiles/p2.dir/home/pi/pico/pico-sdk/src/rp2_common/hardware_irq/irq.c.obj
                                 0x3a (size before relaxing)
 *fill*         0x1000860e        0x2 
 .rodata.irq_remove_handler.str1.4
                0x10008610       0x2a CMakeFiles/p2.dir/home/pi/pico/pico-sdk/src/rp2_common/hardware_irq/irq.c.obj
 *fill*         0x1000863a        0x2 
 .rodata.irq_set_exclusive_handler.str1.4
                0x1000863c       0x36 CMakeFiles/p2.dir/home/pi/pico/pico-sdk/src/rp2_common/hardware_irq/irq.c.obj
 *fill*         0x10008672        0x2 
 .rodata.make_branch.str1.4
                0x10008674       0x49 CMakeFiles/p2.dir/home/pi/pico/pico-sdk/src/rp2_common/hardware_irq/irq.c.obj
 *fill*         0x100086bd        0x3 
 .rodata._vsnprintf
                0x100086c0      0x1e0 CMakeFiles/p2.dir/home/pi/pico/pico-sdk/src/rp2_common/pico_printf/printf.c.obj
 .rodata._ftoa.str1.4
                0x100088a0       0x15 CMakeFiles/p2.dir/home/pi/pico/pico-sdk/src/rp2_common/pico_printf/printf.c.obj
 *fill*         0x100088b5        0x3 
 .rodata.pow10.5357
                0x100088b8       0x50 CMakeFiles/p2.dir/home/pi/pico/pico-sdk/src/rp2_common/pico_printf/printf.c.obj
 .rodata.__aeabi_double_init.str1.4
                0x10008908       0xa4 CMakeFiles/p2.dir/home/pi/pico/pico-sdk/src/rp2_common/pico_double/double_init_rom.c.obj
 .rodata.__func__.4614
                0x100089ac       0x14 CMakeFiles/p2.dir/home/pi/pico/pico-sdk/src/rp2_common/pico_double/double_init_rom.c.obj
 .rodata.__aeabi_float_init.str1.4
                0x100089c0       0x76 CMakeFiles/p2.dir/home/pi/pico/pico-sdk/src/rp2_common/pico_float/float_init_rom.c.obj
                                 0x7a (size before relaxing)
 *fill*         0x10008a36        0x2 
 .rodata.__func__.4616
                0x10008a38       0x13 CMakeFiles/p2.dir/home/pi/pico/pico-sdk/src/rp2_common/pico_float/float_init_rom.c.obj
 *fill*         0x10008a4b        0x1 
 .rodata.__bi_40
                0x10008a4c        0xc CMakeFiles/p2.dir/home/pi/pico/pico-sdk/src/rp2_common/pico_standard_link/binary_info.c.obj
 .rodata.__bi_71
                0x10008a58        0xc CMakeFiles/p2.dir/home/pi/pico/pico-sdk/src/rp2_common/pico_standard_link/binary_info.c.obj
 .rodata.str1.4
                0x10008a64       0x28 CMakeFiles/p2.dir/home/pi/pico/pico-sdk/src/rp2_common/pico_standard_link/binary_info.c.obj
 .rodata.crlf_str.5902
                0x10008a8c        0x2 CMakeFiles/p2.dir/home/pi/pico/pico-sdk/src/rp2_common/pico_stdio/stdio.c.obj
 *fill*         0x10008a8e        0x2 
 .rodata.__bi_27.4645
                0x10008a90        0xc CMakeFiles/p2.dir/home/pi/pico/pico-sdk/src/rp2_common/pico_stdio_uart/stdio_uart.c.obj
 .rodata.__bi_28.4649
                0x10008a9c        0x8 CMakeFiles/p2.dir/home/pi/pico/pico-sdk/src/rp2_common/pico_stdio_uart/stdio_uart.c.obj
 .rodata.str1.4
                0x10008aa4       0x2c CMakeFiles/p2.dir/home/pi/pico/pico-sdk/src/rp2_common/pico_stdio_uart/stdio_uart.c.obj
 .rodata.__bi_93.6958
                0x10008ad0        0xc CMakeFiles/p2.dir/home/pi/pico/pico-sdk/src/rp2_common/pico_stdio_usb/stdio_usb.c.obj
 .rodata.str1.4
                0x10008adc       0x13 CMakeFiles/p2.dir/home/pi/pico/pico-sdk/src/rp2_common/pico_stdio_usb/stdio_usb.c.obj
 *fill*         0x10008aef        0x1 
 .rodata.str1.4
                0x10008af0       0x32 CMakeFiles/p2.dir/home/pi/pico/pico-sdk/src/rp2_common/pico_stdio_usb/stdio_usb_descriptors.c.obj
 *fill*         0x10008b22        0x2 
 .rodata.usbd_desc_cfg
                0x10008b24       0x4b CMakeFiles/p2.dir/home/pi/pico/pico-sdk/src/rp2_common/pico_stdio_usb/stdio_usb_descriptors.c.obj
 *fill*         0x10008b6f        0x1 
 .rodata.usbd_desc_device
                0x10008b70       0x12 CMakeFiles/p2.dir/home/pi/pico/pico-sdk/src/rp2_common/pico_stdio_usb/stdio_usb_descriptors.c.obj
 *fill*         0x10008b82        0x2 
 .rodata.usbd_desc_str
                0x10008b84       0x14 CMakeFiles/p2.dir/home/pi/pico/pico-sdk/src/rp2_common/pico_stdio_usb/stdio_usb_descriptors.c.obj
 .rodata.__func__.6689
                0x10008b98       0x13 CMakeFiles/p2.dir/home/pi/pico/pico-sdk/lib/tinyusb/src/portable/raspberrypi/rp2040/dcd_rp2040.c.obj
 *fill*         0x10008bab        0x1 
 .rodata.__func__.6720
                0x10008bac       0x16 CMakeFiles/p2.dir/home/pi/pico/pico-sdk/lib/tinyusb/src/portable/raspberrypi/rp2040/dcd_rp2040.c.obj
 *fill*         0x10008bc2        0x2 
 .rodata.__func__.6741
                0x10008bc4       0x13 CMakeFiles/p2.dir/home/pi/pico/pico-sdk/lib/tinyusb/src/portable/raspberrypi/rp2040/dcd_rp2040.c.obj
 *fill*         0x10008bd7        0x1 
 .rodata.__func__.6762
                0x10008bd8        0x9 CMakeFiles/p2.dir/home/pi/pico/pico-sdk/lib/tinyusb/src/portable/raspberrypi/rp2040/dcd_rp2040.c.obj
 *fill*         0x10008be1        0x3 
 .rodata.__func__.6766
                0x10008be4        0xf CMakeFiles/p2.dir/home/pi/pico/pico-sdk/lib/tinyusb/src/portable/raspberrypi/rp2040/dcd_rp2040.c.obj
 *fill*         0x10008bf3        0x1 
 .rodata.__func__.6775
                0x10008bf4       0x10 CMakeFiles/p2.dir/home/pi/pico/pico-sdk/lib/tinyusb/src/portable/raspberrypi/rp2040/dcd_rp2040.c.obj
 .rodata.__func__.6787
                0x10008c04        0xc CMakeFiles/p2.dir/home/pi/pico/pico-sdk/lib/tinyusb/src/portable/raspberrypi/rp2040/dcd_rp2040.c.obj
 .rodata.__func__.6792
                0x10008c10       0x1a CMakeFiles/p2.dir/home/pi/pico/pico-sdk/lib/tinyusb/src/portable/raspberrypi/rp2040/dcd_rp2040.c.obj
 *fill*         0x10008c2a        0x2 
 .rodata.__func__.6797
                0x10008c2c        0xe CMakeFiles/p2.dir/home/pi/pico/pico-sdk/lib/tinyusb/src/portable/raspberrypi/rp2040/dcd_rp2040.c.obj
 *fill*         0x10008c3a        0x2 
 .rodata.__func__.6804
                0x10008c3c        0xe CMakeFiles/p2.dir/home/pi/pico/pico-sdk/lib/tinyusb/src/portable/raspberrypi/rp2040/dcd_rp2040.c.obj
 *fill*         0x10008c4a        0x2 
 .rodata.__func__.6809
                0x10008c4c        0xf CMakeFiles/p2.dir/home/pi/pico/pico-sdk/lib/tinyusb/src/portable/raspberrypi/rp2040/dcd_rp2040.c.obj
 *fill*         0x10008c5b        0x1 
 .rodata.__func__.6814
                0x10008c5c       0x15 CMakeFiles/p2.dir/home/pi/pico/pico-sdk/lib/tinyusb/src/portable/raspberrypi/rp2040/dcd_rp2040.c.obj
 *fill*         0x10008c71        0x3 
 .rodata._hw_endpoint_alloc.str1.4
                0x10008c74       0xb1 CMakeFiles/p2.dir/home/pi/pico/pico-sdk/lib/tinyusb/src/portable/raspberrypi/rp2040/dcd_rp2040.c.obj
 *fill*         0x10008d25        0x3 
 .rodata._hw_endpoint_init.str1.4
                0x10008d28       0x28 CMakeFiles/p2.dir/home/pi/pico/pico-sdk/lib/tinyusb/src/portable/raspberrypi/rp2040/dcd_rp2040.c.obj
 .rodata._hw_endpoint_stall.str1.4
                0x10008d50        0xd CMakeFiles/p2.dir/home/pi/pico/pico-sdk/lib/tinyusb/src/portable/raspberrypi/rp2040/dcd_rp2040.c.obj
 *fill*         0x10008d5d        0x3 
 .rodata.dcd_int_enable.str1.4
                0x10008d60        0xc CMakeFiles/p2.dir/home/pi/pico/pico-sdk/lib/tinyusb/src/portable/raspberrypi/rp2040/dcd_rp2040.c.obj
 .rodata.dcd_rp2040_irq.str1.4
                0x10008d6c       0x14 CMakeFiles/p2.dir/home/pi/pico/pico-sdk/lib/tinyusb/src/portable/raspberrypi/rp2040/dcd_rp2040.c.obj
 .rodata.hw_handle_buff_status.str1.4
                0x10008d80        0xb CMakeFiles/p2.dir/home/pi/pico/pico-sdk/lib/tinyusb/src/portable/raspberrypi/rp2040/dcd_rp2040.c.obj
 *fill*         0x10008d8b        0x1 
 .rodata.__func__.6559
                0x10008d8c       0x17 CMakeFiles/p2.dir/home/pi/pico/pico-sdk/lib/tinyusb/src/portable/raspberrypi/rp2040/rp2040_usb.c.obj
 *fill*         0x10008da3        0x1 
 .rodata.__func__.6570
                0x10008da4       0x12 CMakeFiles/p2.dir/home/pi/pico/pico-sdk/lib/tinyusb/src/portable/raspberrypi/rp2040/rp2040_usb.c.obj
 *fill*         0x10008db6        0x2 
 .rodata._hw_endpoint_buffer_control_update32.str1.4
                0x10008db8       0x1f CMakeFiles/p2.dir/home/pi/pico/pico-sdk/lib/tinyusb/src/portable/raspberrypi/rp2040/rp2040_usb.c.obj
 *fill*         0x10008dd7        0x1 
 .rodata._hw_endpoint_xfer.str1.4
                0x10008dd8        0xf CMakeFiles/p2.dir/home/pi/pico/pico-sdk/lib/tinyusb/src/portable/raspberrypi/rp2040/rp2040_usb.c.obj
 *fill*         0x10008de7        0x1 
 .rodata._hw_endpoint_xfer_continue.str1.4
                0x10008de8       0x50 CMakeFiles/p2.dir/home/pi/pico/pico-sdk/lib/tinyusb/src/portable/raspberrypi/rp2040/rp2040_usb.c.obj
 .rodata._hw_endpoint_xfer_sync.str1.4
                0x10008e38       0x8d CMakeFiles/p2.dir/home/pi/pico/pico-sdk/lib/tinyusb/src/portable/raspberrypi/rp2040/rp2040_usb.c.obj
 .rodata.str1.4
                0x10008ec5       0x8d CMakeFiles/p2.dir/home/pi/pico/pico-sdk/lib/tinyusb/src/portable/raspberrypi/rp2040/rp2040_usb.c.obj
                                  0x7 (size before relaxing)
 *fill*         0x10008ec5        0x3 
 .rodata.process_get_descriptor
                0x10008ec8       0x40 CMakeFiles/p2.dir/home/pi/pico/pico-sdk/lib/tinyusb/src/device/usbd.c.obj
 .rodata.process_control_request
                0x10008f08       0x28 CMakeFiles/p2.dir/home/pi/pico/pico-sdk/lib/tinyusb/src/device/usbd.c.obj
 .rodata.tud_task
                0x10008f30       0x24 CMakeFiles/p2.dir/home/pi/pico/pico-sdk/lib/tinyusb/src/device/usbd.c.obj
 .rodata.__func__.6303
                0x10008f54       0x13 CMakeFiles/p2.dir/home/pi/pico/pico-sdk/lib/tinyusb/src/device/usbd.c.obj
 *fill*         0x10008f67        0x1 
 .rodata.__func__.6310
                0x10008f68       0x10 CMakeFiles/p2.dir/home/pi/pico/pico-sdk/lib/tinyusb/src/device/usbd.c.obj
 .rodata.__func__.7080
                0x10008f78        0x9 CMakeFiles/p2.dir/home/pi/pico/pico-sdk/lib/tinyusb/src/device/usbd.c.obj
 *fill*         0x10008f81        0x3 
 .rodata.__func__.7101
                0x10008f84       0x18 CMakeFiles/p2.dir/home/pi/pico/pico-sdk/lib/tinyusb/src/device/usbd.c.obj
 .rodata.__func__.7140
                0x10008f9c       0x13 CMakeFiles/p2.dir/home/pi/pico/pico-sdk/lib/tinyusb/src/device/usbd.c.obj
 *fill*         0x10008faf        0x1 
 .rodata.__func__.7183
                0x10008fb0       0x17 CMakeFiles/p2.dir/home/pi/pico/pico-sdk/lib/tinyusb/src/device/usbd.c.obj
 *fill*         0x10008fc7        0x1 
 .rodata.__func__.7237
                0x10008fc8       0x14 CMakeFiles/p2.dir/home/pi/pico/pico-sdk/lib/tinyusb/src/device/usbd.c.obj
 .rodata.__func__.7273
                0x10008fdc        0xf CMakeFiles/p2.dir/home/pi/pico/pico-sdk/lib/tinyusb/src/device/usbd.c.obj
 *fill*         0x10008feb        0x1 
 .rodata._usbd_driver
                0x10008fec       0x1c CMakeFiles/p2.dir/home/pi/pico/pico-sdk/lib/tinyusb/src/device/usbd.c.obj
 .rodata.dcd_event_handler.str1.4
                0x10009008       0x48 CMakeFiles/p2.dir/home/pi/pico/pico-sdk/lib/tinyusb/src/device/usbd.c.obj
 .rodata.process_set_config.str1.4
                0x10009050       0x18 CMakeFiles/p2.dir/home/pi/pico/pico-sdk/lib/tinyusb/src/device/usbd.c.obj
                                 0x17 (size before relaxing)
 .rodata.__func__.7000
                0x10009068       0x11 CMakeFiles/p2.dir/home/pi/pico/pico-sdk/lib/tinyusb/src/device/usbd_control.c.obj
 *fill*         0x10009079        0x3 
 .rodata.__func__.7018
                0x1000907c       0x15 CMakeFiles/p2.dir/home/pi/pico/pico-sdk/lib/tinyusb/src/device/usbd_control.c.obj
 .rodata.tud_control_xfer.str1.4
                0x10009091       0x17 CMakeFiles/p2.dir/home/pi/pico/pico-sdk/lib/tinyusb/src/device/usbd_control.c.obj
 *fill*         0x10009091        0x3 
 .rodata.__func__.6943
                0x10009094       0x16 CMakeFiles/p2.dir/home/pi/pico/pico-sdk/lib/tinyusb/src/class/cdc/cdc_device.c.obj
 *fill*         0x100090aa        0x2 
 .rodata.__func__.6972
                0x100090ac        0xa CMakeFiles/p2.dir/home/pi/pico/pico-sdk/lib/tinyusb/src/class/cdc/cdc_device.c.obj
 *fill*         0x100090b6        0x2 
 .rodata.__func__.7012
                0x100090b8        0xd CMakeFiles/p2.dir/home/pi/pico/pico-sdk/lib/tinyusb/src/class/cdc/cdc_device.c.obj
 .rodata.tud_cdc_n_write_flush.str1.4
                0x100090c5       0x17 CMakeFiles/p2.dir/home/pi/pico/pico-sdk/lib/tinyusb/src/class/cdc/cdc_device.c.obj
 *fill*         0x100090c5        0x3 
 .rodata.__func__.6880
                0x100090c8        0xa CMakeFiles/p2.dir/home/pi/pico/pico-sdk/lib/tinyusb/src/tusb.c.obj
 .rodata.tusb_init.str1.4
                0x100090d2       0x17 CMakeFiles/p2.dir/home/pi/pico/pico-sdk/lib/tinyusb/src/tusb.c.obj
                0x100090ec                . = ALIGN (0x4)
 *fill*         0x100090d2        0x2 
 *(SORT_BY_ALIGNMENT(SORT_BY_NAME(.flashdata*)))
                0x100090d4                . = ALIGN (0x4)

.rel.dyn        0x100090d4        0x0
 .rel.iplt      0x100090d4        0x0 /usr/lib/gcc/arm-none-eabi/7.3.1/thumb/v6-m/crtbegin.o

.ARM.extab
 *(.ARM.extab* .gnu.linkonce.armextab.*)
                0x100090d4                __exidx_start = .

.ARM.exidx
 *(.ARM.exidx* .gnu.linkonce.armexidx.*)
                0x100090d4                __exidx_end = .
                0x100090d4                . = ALIGN (0x4)
                0x100090d4                __binary_info_start = .

.binary_info    0x100090d4       0x24
 *(.binary_info.keep.*)
 .binary_info.keep.__bi_ptr18
                0x100090d4        0x4 CMakeFiles/p2.dir/home/pi/pico/pico-sdk/src/rp2_common/pico_standard_link/binary_info.c.obj
 .binary_info.keep.__bi_ptr26
                0x100090d8        0x4 CMakeFiles/p2.dir/home/pi/pico/pico-sdk/src/rp2_common/pico_standard_link/binary_info.c.obj
 .binary_info.keep.__bi_ptr34
                0x100090dc        0x4 CMakeFiles/p2.dir/home/pi/pico/pico-sdk/src/rp2_common/pico_standard_link/binary_info.c.obj
 .binary_info.keep.__bi_ptr40
                0x100090e0        0x4 CMakeFiles/p2.dir/home/pi/pico/pico-sdk/src/rp2_common/pico_standard_link/binary_info.c.obj
 .binary_info.keep.__bi_ptr46
                0x100090e4        0x4 CMakeFiles/p2.dir/home/pi/pico/pico-sdk/src/rp2_common/pico_standard_link/binary_info.c.obj
 .binary_info.keep.__bi_ptr71
                0x100090e8        0x4 CMakeFiles/p2.dir/home/pi/pico/pico-sdk/src/rp2_common/pico_standard_link/binary_info.c.obj
 *(.binary_info.*)
 .binary_info.__bi_ptr27
                0x100090ec        0x4 CMakeFiles/p2.dir/home/pi/pico/pico-sdk/src/rp2_common/pico_stdio_uart/stdio_uart.c.obj
 .binary_info.__bi_ptr28
                0x100090f0        0x4 CMakeFiles/p2.dir/home/pi/pico/pico-sdk/src/rp2_common/pico_stdio_uart/stdio_uart.c.obj
 .binary_info.__bi_ptr93
                0x100090f4        0x4 CMakeFiles/p2.dir/home/pi/pico/pico-sdk/src/rp2_common/pico_stdio_usb/stdio_usb.c.obj
                0x100090f8                __binary_info_end = .
                0x100090f8                . = ALIGN (0x4)
                0x100090f8                __etext = .

.ram_vector_table
                0x20000000       0xc0
 *(.ram_vector_table)
 .ram_vector_table
                0x20000000       0xc0 CMakeFiles/p2.dir/home/pi/pico/pico-sdk/src/rp2_common/pico_runtime/runtime.c.obj
                0x20000000                ram_vector_table

.data           0x200000c0      0xb1c load address 0x100090f8
                0x200000c0                __data_start__ = .
 *(vtable)
 *(.time_critical*)
 .time_critical.mutex_enter_blocking
                0x200000c0       0x64 CMakeFiles/p2.dir/home/pi/pico/pico-sdk/src/common/pico_sync/mutex.c.obj
                0x200000c0                mutex_enter_blocking
 .time_critical.mutex_try_enter
                0x20000124       0x46 CMakeFiles/p2.dir/home/pi/pico/pico-sdk/src/common/pico_sync/mutex.c.obj
                0x20000124                mutex_try_enter
 *fill*         0x2000016a        0x2 
 .time_critical.mutex_enter_block_until
                0x2000016c       0x78 CMakeFiles/p2.dir/home/pi/pico/pico-sdk/src/common/pico_sync/mutex.c.obj
                0x2000016c                mutex_enter_block_until
 .time_critical.mutex_enter_timeout_ms
                0x200001e4       0x40 CMakeFiles/p2.dir/home/pi/pico/pico-sdk/src/common/pico_sync/mutex.c.obj
                0x200001e4                mutex_enter_timeout_ms
 .time_critical.mutex_exit
                0x20000224       0x4c CMakeFiles/p2.dir/home/pi/pico/pico-sdk/src/common/pico_sync/mutex.c.obj
                0x20000224                mutex_exit
 *(.text*)
 .text          0x20000270        0x4 /usr/lib/gcc/arm-none-eabi/7.3.1/thumb/v6-m/libgcc.a(_dvmd_tls.o)
                0x20000270                __aeabi_ldiv0
                0x20000270                __aeabi_idiv0
 *fill*         0x20000274        0x4 
 .text.__stub   0x20000278       0x40 linker stubs
                0x200002b8                . = ALIGN (0x4)
 *(.rodata*)
                0x200002b8                . = ALIGN (0x4)
 *(.data*)
 .data.state    0x200002b8        0x4 CMakeFiles/p2.dir/p2.c.obj
 .data.striped_spin_lock_num
                0x200002bc        0x1 CMakeFiles/p2.dir/home/pi/pico/pico-sdk/src/rp2_common/hardware_sync/sync.c.obj
 *fill*         0x200002bd        0x3 
 .data          0x200002c0       0x48 CMakeFiles/p2.dir/home/pi/pico/pico-sdk/src/rp2_common/hardware_irq/irq_handler_chain.S.obj
                0x200002c0                irq_handler_chain_slots
                0x200002f0                irq_handler_chain_first_slot
                0x200002fa                irq_handler_chain_remove_tail
 *fill*         0x20000308        0x8 
 .data.aeabi_bits_funcs
                0x20000310       0x10 CMakeFiles/p2.dir/home/pi/pico/pico-sdk/src/rp2_common/pico_bit_ops/bit_ops_aeabi.S.obj
                0x20000310                aeabi_bits_funcs
                0x20000320                aeabi_bits_funcs_end
 .data.aeabi_mem_funcs
                0x20000320       0x10 CMakeFiles/p2.dir/home/pi/pico/pico-sdk/src/rp2_common/pico_mem_ops/mem_ops_aeabi.S.obj
                0x20000320                aeabi_mem_funcs
                0x20000330                aeabi_mem_funcs_end
 .data.stdio_uart
                0x20000330       0x14 CMakeFiles/p2.dir/home/pi/pico/pico-sdk/src/rp2_common/pico_stdio_uart/stdio_uart.c.obj
                0x20000330                stdio_uart
 .data.stdio_usb
                0x20000344       0x14 CMakeFiles/p2.dir/home/pi/pico/pico-sdk/src/rp2_common/pico_stdio_usb/stdio_usb.c.obj
                0x20000344                stdio_usb
 .data.ep_dir_string
                0x20000358        0x8 CMakeFiles/p2.dir/home/pi/pico/pico-sdk/lib/tinyusb/src/portable/raspberrypi/rp2040/rp2040_usb.c.obj
                0x20000358                ep_dir_string
 .data._usbd_qdef
                0x20000360       0x20 CMakeFiles/p2.dir/home/pi/pico/pico-sdk/lib/tinyusb/src/device/usbd.c.obj
                0x20000360                _usbd_qdef
 .data          0x20000380      0x430 /usr/lib/gcc/arm-none-eabi/7.3.1/../../../arm-none-eabi/lib/thumb/v6-m/libg.a(lib_a-impure.o)
                0x20000380                _impure_ptr
 .data          0x200007b0      0x410 /usr/lib/gcc/arm-none-eabi/7.3.1/../../../arm-none-eabi/lib/thumb/v6-m/libg.a(lib_a-mallocr.o)
                0x200007b0                __malloc_sbrk_base
                0x200007b4                __malloc_trim_threshold
                0x200007b8                __malloc_av_
                0x20000bc0                . = ALIGN (0x4)
 *(.after_data.*)
                0x20000bc0                . = ALIGN (0x4)
                0x20000bc0                PROVIDE (__mutex_array_start = .)
 *(SORT_BY_NAME(.mutex_array.*))
 *(.mutex_array)
 .mutex_array   0x20000bc0        0x8 CMakeFiles/p2.dir/home/pi/pico/pico-sdk/src/rp2_common/pico_stdio/stdio.c.obj
                0x20000bc8                PROVIDE (__mutex_array_end = .)
                0x20000bc8                . = ALIGN (0x4)
                0x20000bc8                PROVIDE (__preinit_array_start = .)
 *(SORT_BY_NAME(.preinit_array.*))
 .preinit_array.00001
                0x20000bc8        0x4 CMakeFiles/p2.dir/home/pi/pico/pico-sdk/src/rp2_common/pico_mem_ops/mem_ops_aeabi.S.obj
 .preinit_array.00010
                0x20000bcc        0x4 CMakeFiles/p2.dir/home/pi/pico/pico-sdk/src/rp2_common/pico_bit_ops/bit_ops_aeabi.S.obj
 .preinit_array.00020
                0x20000bd0        0x4 CMakeFiles/p2.dir/home/pi/pico/pico-sdk/src/rp2_common/pico_double/double_aeabi.S.obj
 .preinit_array.00020
                0x20000bd4        0x4 CMakeFiles/p2.dir/home/pi/pico/pico-sdk/src/rp2_common/pico_float/float_aeabi.S.obj
 *(.preinit_array)
                0x20000bd8                PROVIDE (__preinit_array_end = .)
                0x20000bd8                . = ALIGN (0x4)
                0x20000bd8                PROVIDE (__init_array_start = .)
 *(SORT_BY_NAME(.init_array.*))
 *(.init_array)
 .init_array    0x20000bd8        0x4 /usr/lib/gcc/arm-none-eabi/7.3.1/thumb/v6-m/crtbegin.o
                0x20000bdc                PROVIDE (__init_array_end = .)
                0x20000bdc                . = ALIGN (0x4)
                0x20000bdc                PROVIDE (__fini_array_start = .)
 *(SORT_BY_NAME(.fini_array.*))
 *(.fini_array)
                0x20000bdc                PROVIDE (__fini_array_end = .)
 *(.jcr)
                0x20000bdc                . = ALIGN (0x4)
                0x20000bdc                __data_end__ = .

.tm_clone_table
                0x20000bdc        0x0 load address 0x10009c14
 .tm_clone_table
                0x20000bdc        0x0 /usr/lib/gcc/arm-none-eabi/7.3.1/thumb/v6-m/crtbegin.o
 .tm_clone_table
                0x20000bdc        0x0 /usr/lib/gcc/arm-none-eabi/7.3.1/thumb/v6-m/crtend.o

.igot.plt       0x20000bdc        0x0 load address 0x10009c14
 .igot.plt      0x20000bdc        0x0 /usr/lib/gcc/arm-none-eabi/7.3.1/thumb/v6-m/crtbegin.o

.uninitialized_data
                0x20000bdc        0x0 load address 0x10009c14
                0x20000bdc                . = ALIGN (0x4)
 *(.uninitialized_data*)

.scratch_x      0x20040000        0x0 load address 0x10009c14
                0x20040000                __scratch_x_start__ = .
 *(.scratch_x.*)
                0x20040000                . = ALIGN (0x4)
                0x20040000                __scratch_x_end__ = .
                0x10009c14                __scratch_x_source__ = LOADADDR (.scratch_x)

.scratch_y      0x20041000        0x0 load address 0x10009c14
                0x20041000                __scratch_y_start__ = .
 *(.scratch_y.*)
                0x20041000                . = ALIGN (0x4)
                0x20041000                __scratch_y_end__ = .
                0x10009c14                __scratch_y_source__ = LOADADDR (.scratch_y)

.bss            0x20000be0      0xdc0
                0x20000be0                . = ALIGN (0x4)
                0x20000be0                __bss_start__ = .
 *(SORT_BY_ALIGNMENT(SORT_BY_NAME(.bss*)))
 .bss.last_avail_time.6937
                0x20000be0        0x8 CMakeFiles/p2.dir/home/pi/pico/pico-sdk/src/rp2_common/pico_stdio_usb/stdio_usb.c.obj
 .bss           0x20000be8       0x1c /usr/lib/gcc/arm-none-eabi/7.3.1/thumb/v6-m/crtbegin.o
 .bss           0x20000c04       0x34 /usr/lib/gcc/arm-none-eabi/7.3.1/../../../arm-none-eabi/lib/thumb/v6-m/libg.a(lib_a-mallocr.o)
                0x20000c04                __malloc_top_pad
                0x20000c08                __malloc_current_mallinfo
                0x20000c30                __malloc_max_sbrked_mem
                0x20000c34                __malloc_max_total_mem
 .bss._app_driver
                0x20000c38        0x4 CMakeFiles/p2.dir/home/pi/pico/pico-sdk/lib/tinyusb/src/device/usbd.c.obj
 .bss._cdcd_itf
                0x20000c3c      0x2d0 CMakeFiles/p2.dir/home/pi/pico/pico-sdk/lib/tinyusb/src/class/cdc/cdc_device.c.obj
 .bss._ctrl_xfer
                0x20000f0c       0x14 CMakeFiles/p2.dir/home/pi/pico/pico-sdk/lib/tinyusb/src/device/usbd_control.c.obj
 .bss._ubsd_mutexdef
                0x20000f20        0x8 CMakeFiles/p2.dir/home/pi/pico/pico-sdk/lib/tinyusb/src/device/usbd.c.obj
 .bss._usbd_ctrl_buf
                0x20000f28       0x40 CMakeFiles/p2.dir/home/pi/pico/pico-sdk/lib/tinyusb/src/device/usbd_control.c.obj
 .bss._usbd_dev
                0x20000f68       0x37 CMakeFiles/p2.dir/home/pi/pico/pico-sdk/lib/tinyusb/src/device/usbd.c.obj
 *fill*         0x20000f9f        0x1 
 .bss._usbd_mutex
                0x20000fa0        0x4 CMakeFiles/p2.dir/home/pi/pico/pico-sdk/lib/tinyusb/src/device/usbd.c.obj
 .bss._usbd_q   0x20000fa4        0x4 CMakeFiles/p2.dir/home/pi/pico/pico-sdk/lib/tinyusb/src/device/usbd.c.obj
 .bss.alarm_callbacks
                0x20000fa8       0x10 CMakeFiles/p2.dir/home/pi/pico/pico-sdk/src/rp2_common/hardware_timer/timer.c.obj
 .bss.claimed   0x20000fb8        0x4 CMakeFiles/p2.dir/home/pi/pico/pico-sdk/src/rp2_common/hardware_sync/sync.c.obj
 .bss.configured_freq
                0x20000fbc       0x28 CMakeFiles/p2.dir/home/pi/pico/pico-sdk/src/rp2_common/hardware_clocks/clocks.c.obj
 .bss.default_alarm_pool
                0x20000fe4        0x4 CMakeFiles/p2.dir/home/pi/pico/pico-sdk/src/common/pico_time/time.c.obj
 .bss.desc_str.6820
                0x20000fe8       0x28 CMakeFiles/p2.dir/home/pi/pico/pico-sdk/src/rp2_common/pico_stdio_usb/stdio_usb_descriptors.c.obj
 .bss.drivers   0x20001010        0x4 CMakeFiles/p2.dir/home/pi/pico/pico-sdk/src/rp2_common/pico_stdio/stdio.c.obj
 .bss.filter    0x20001014        0x4 CMakeFiles/p2.dir/home/pi/pico/pico-sdk/src/rp2_common/pico_stdio/stdio.c.obj
 .bss.heap_end.5702
                0x20001018        0x4 CMakeFiles/p2.dir/home/pi/pico/pico-sdk/src/rp2_common/pico_runtime/runtime.c.obj
 .bss.hw_endpoints
                0x2000101c      0x680 CMakeFiles/p2.dir/home/pi/pico/pico-sdk/lib/tinyusb/src/portable/raspberrypi/rp2040/dcd_rp2040.c.obj
 .bss.next_buffer_ptr
                0x2000169c        0x4 CMakeFiles/p2.dir/home/pi/pico/pico-sdk/lib/tinyusb/src/portable/raspberrypi/rp2040/dcd_rp2040.c.obj
 .bss.pools     0x200016a0       0x10 CMakeFiles/p2.dir/home/pi/pico/pico-sdk/src/common/pico_time/time.c.obj
 .bss.stdio_usb_mutex
                0x200016b0        0x8 CMakeFiles/p2.dir/home/pi/pico/pico-sdk/src/rp2_common/pico_stdio_usb/stdio_usb.c.obj
 .bss.target_hi
                0x200016b8       0x10 CMakeFiles/p2.dir/home/pi/pico/pico-sdk/src/rp2_common/hardware_timer/timer.c.obj
 .bss.temp      0x200016c8        0x4 CMakeFiles/p2.dir/p2.c.obj
                0x200016c8                temp
 .bss.result    0x200016cc        0x2 CMakeFiles/p2.dir/p2.c.obj
                0x200016cc                result
 .bss._app_driver_count
                0x200016ce        0x1 CMakeFiles/p2.dir/home/pi/pico/pico-sdk/lib/tinyusb/src/device/usbd.c.obj
 .bss._initialized
                0x200016cf        0x1 CMakeFiles/p2.dir/home/pi/pico/pico-sdk/lib/tinyusb/src/tusb.c.obj
 .bss.assigned_address
                0x200016d0        0x1 CMakeFiles/p2.dir/home/pi/pico/pico-sdk/lib/tinyusb/src/portable/raspberrypi/rp2040/dcd_rp2040.c.obj
 .bss.claimed   0x200016d1        0x1 CMakeFiles/p2.dir/home/pi/pico/pico-sdk/src/rp2_common/hardware_timer/timer.c.obj
 .bss.irq_hander_chain_free_slot_head
                0x200016d2        0x1 CMakeFiles/p2.dir/home/pi/pico/pico-sdk/src/rp2_common/hardware_irq/irq.c.obj
 .bss.timer_callbacks_pending
                0x200016d3        0x1 CMakeFiles/p2.dir/home/pi/pico/pico-sdk/src/rp2_common/hardware_timer/timer.c.obj
 *(COMMON)
 COMMON         0x200016d4        0x4 CMakeFiles/p2.dir/home/pi/pico/pico-sdk/src/rp2_common/hardware_uart/uart.c.obj
                0x200016d4                uart_char_to_line_feed
 COMMON         0x200016d8      0x100 CMakeFiles/p2.dir/home/pi/pico/pico-sdk/src/rp2_common/pico_double/double_init_rom.c.obj
                0x200016d8                sd_table
 COMMON         0x200017d8      0x104 CMakeFiles/p2.dir/home/pi/pico/pico-sdk/src/rp2_common/pico_float/float_init_rom.c.obj
                0x200017d8                sf_table
                0x200018d8                sf_clz_func
 COMMON         0x200018dc       0xc0 CMakeFiles/p2.dir/home/pi/pico/pico-sdk/lib/tinyusb/src/device/usbd.c.obj
                0x200018dc                _usbd_qdef_buf
 COMMON         0x2000199c        0x4 /usr/lib/gcc/arm-none-eabi/7.3.1/../../../arm-none-eabi/lib/thumb/v6-m/libg.a(lib_a-reent.o)
                0x2000199c                errno
                0x200019a0                . = ALIGN (0x4)
                0x200019a0                __bss_end__ = .

.heap           0x200019a0      0x800
                0x200019a0                __end__ = .
                0x200019a0                end = __end__
 *(.heap*)
 .heap          0x200019a0      0x800 CMakeFiles/p2.dir/home/pi/pico/pico-sdk/src/rp2_common/pico_standard_link/crt0.S.obj
                0x200021a0                __HeapLimit = .

.stack1_dummy   0x20040000        0x0
 *(.stack1*)

.stack_dummy    0x20041000      0x800
 *(.stack*)